120 func(s)
def compile_a_webassembly_module(
  bytes: Unknown,
): Unknown = {
  call-embed module = <module_decode>(bytes)
  if (= module ~error~) {
    return ~error~
  } else nop
  call-embed _call1 = <module_validate>(module)
  if (= _call1 ~error~) {
    return ~error~
  } else nop
  return module
}
def validate_builtins_and_imported_string_for_a_webassembly_module(
  module: Unknown,
  builtinSetNames: Unknown,
  importedStringModule: Unknown,
): Unknown = {
  call _call2 = clo<"validate_builtin_set_names">(builtinSetNames)
  if (= _call2 false) {
    return false
  } else nop
  call-embed _iterList1 = <module_imports>(module)
  let _iterIdx2 = 0
  while (< _iterIdx2 (sizeof _iterList1)) {
    let import = _iterList1[_iterIdx2]
    if (&& (! (= importedStringModule null)) (= import[0] importedStringModule)) {
      let importExternType = import[2]
      let stringExternType = (yet "global const (ref extern)")
      call-embed _call3 = <match_externtype>(stringExternType, importExternType)
      if (= _call3 false) {
        return false
      } else nop
    } else {
      call _call4 = clo<"validate_an_import_for_builtins">(import, builtinSetNames)
      if (= _call4 false) {
        return false
      } else nop
    }
    _iterIdx2 = (+ _iterIdx2 1)
  }
  return true
}
def validate(
  bytes: Unknown,
  options: Unknown,
): Unknown = {
  call stableBytes = clo<"get_a_copy_of_the_buffer_source">(bytes)
  call module = clo<"compile_a_webassembly_module">(stableBytes)
  if (= module ~error~) {
    return false
  } else nop
  if (exists options.builtins) {
    let builtinSetNames = options.builtin
  } else {
    let builtinSetNames = (list [])
  }
  if (exists options.importedStringConstants) {
    let importedStringModule = options.builtin
  } else {
    let importedStringModule = null
  }
  call _call5 = clo<"validate_builtins_and_imported_string_for_a_webassembly_module">(module, builtinSetNames, importedStringModule)
  if (= _call5 false) {
    return false
  } else nop
  return true
}
def construct_a_webassembly_module_object(
  module: Unknown,
  bytes: Unknown,
  builtinSetNames: Unknown,
  importedStringModule: Unknown,
): Unknown = {
  let moduleObject = (record [Module])
  moduleObject.Module = module
  moduleObject.Bytes = bytes
  moduleObject.BuiltinSets = builtinSetNames
  moduleObject.ImportedStringModule = importedStringModule
  return moduleObject
}
def asynchronously_compile_a_webassembly_module(
  bytes: Unknown,
  options: Unknown,
  taskSource?: Unknown,
): Unknown = {
  call promise = clo<"a_new_promise">(~Module~, @EXECUTION_STACK[0].Realm)
  call module = clo<"compile_a_webassembly_module">(bytes)
  call _ = clo<"HostEnqueuePromiseJob">(clo<"asynchronously_compile_a_webassembly_module_closure1", [bytes, module, options, promise]>, @EXECUTION_STACK[0].Realm)
  return promise
}
def compile(
  bytes: Unknown,
  options: Unknown,
): Unknown = {
  call stableBytes = clo<"get_a_copy_of_the_buffer_source">(bytes)
  call _ret1 = clo<"asynchronously_compile_a_webassembly_module">(stableBytes, options)
  return _ret1
  return ~unused~
}
def instantiate_imported_strings(
  module: Unknown,
  importedStringModule: Unknown,
): Unknown = {
  assert (! (= importedStringModule null))
  call _comp1 = clo<"OrdinaryObjectCreate">(null)
  if (exists _comp1.Type) {
    assert (= _comp1.Type ~normal~)
    let exportsObject = _comp1.Value
  } else {
    let exportsObject = _comp1
  }
  call-embed _iterList3 = <module_imports>(module)
  let _iterIdx4 = 0
  while (< _iterIdx4 (sizeof _iterList3)) {
    let _tuple1 = _iterList3[_iterIdx4]
    let moduleName = (proj _tuple1 0)
    let componentName = (proj _tuple1 1)
    let externtype = (proj _tuple1 2)
    if (! (= moduleName importedStringModule)) {
      (yet "continue")
    } else nop
    let stringConstant = componentName
    call _comp2 = clo<"CreateDataProperty">(exportsObject, stringConstant, stringConstant)
    if (exists _comp2.Type) {
      assert (= _comp2.Type ~normal~)
      let status = _comp2.Value
    } else {
      let status = _comp2
    }
    assert (= status true)
    _iterIdx4 = (+ _iterIdx4 1)
  }
  return exportsObject
}
def read_the_imports(
  module: Unknown,
  importObject: Unknown,
  builtinSetNames: Unknown,
  importedStringModule: Unknown,
): Unknown = {
  call-embed _call7 = <module_imports>(module)
  if (&& (! (= (sizeof _call7) 0)) (= importObject undefined)) {
    call _err1 = clo<"__NEW_ERROR_OBJ__">("%TypeError.prototype%")
    call _ret2 = clo<"ThrowCompletion">(_err1)
    return _ret2
  } else nop
  let builtinOrStringImports = (map[Unknown, Unknown])
  let _iterList5 = builtinSetNames
  let _iterIdx6 = 0
  while (< _iterIdx6 (sizeof _iterList5)) {
    let builtinSetName = _iterList5[_iterIdx6]
    let builtinSetQualifiedName = (yet "|builtinSetName| prefixed with \"wasm:\"")
    assert (yet "|builtinOrStringImports| does not contain |builtinSetQualifiedName|")
    if (yet "|builtinSetName| does not refer to a builtin set") {
      (yet "continue")
    } else nop
    call exportsObject = clo<"instantiate_a_builtin_set">(builtinSetName)
    builtinOrStringImports[builtinSetQualifiedName] = exportsObject
    _iterIdx6 = (+ _iterIdx6 1)
  }
  if (! (= importedStringModule null)) {
    call exportsObject = clo<"instantiate_imported_strings">(module, importedStringModule)
    builtinOrStringImports[importedStringModule] = exportsObject
  } else nop
  let imports = (list [])
  call-embed _iterList7 = <module_imports>(module)
  let _iterIdx8 = 0
  while (< _iterIdx8 (sizeof _iterList7)) {
    let _tuple2 = _iterList7[_iterIdx8]
    let moduleName = (proj _tuple2 0)
    let componentName = (proj _tuple2 1)
    let externtype = (proj _tuple2 2)
    if (exists builtinOrStringImports[moduleName]) {
      let o = builtinOrStringImports[moduleName]
      if (|| (! (? o: Record[Object])) (= (yet "if [$HasProperty$](|o|, |componentName|)") false)) {
        call _comp3 = clo<"Get">(importObject, moduleName)
        if (exists _comp3.Type) {
          if (? _comp3: Abrupt) {
            let _v2 = _comp3
            if (exists _v2.Type) {
              return _v2
            } else {
              call _ret3 = clo<"NormalCompletion">(_v2)
              return _ret3
            }
          } else {
            o = _comp3.Value
          }
        } else {
          o = _comp3
        }
      } else nop
    } else {
      call _comp4 = clo<"Get">(importObject, moduleName)
      if (exists _comp4.Type) {
        if (? _comp4: Abrupt) {
          let _v3 = _comp4
          if (exists _v3.Type) {
            return _v3
          } else {
            call _ret4 = clo<"NormalCompletion">(_v3)
            return _ret4
          }
        } else {
          let o = _comp4.Value
        }
      } else {
        let o = _comp4
      }
    }
    if (! (? o: Record[Object])) {
      call _err4 = clo<"__NEW_ERROR_OBJ__">("%TypeError.prototype%")
      call _ret5 = clo<"ThrowCompletion">(_err4)
      return _ret5
    } else nop
    call _comp5 = clo<"Get">(o, componentName)
    if (exists _comp5.Type) {
      if (? _comp5: Abrupt) {
        let _v5 = _comp5
        if (exists _v5.Type) {
          return _v5
        } else {
          call _ret6 = clo<"NormalCompletion">(_v5)
          return _ret6
        }
      } else {
        let v = _comp5.Value
      }
    } else {
      let v = _comp5
    }
    if (= (case-tag externtype) "FUNC") {
      let functype = (proj externtype 0)
      call _call8 = clo<"IsCallable">(v)
      if (= _call8 false) {
        call _err6 = clo<"__NEW_ERROR_OBJ__">("%LinkError.prototype%")
        call _ret7 = clo<"ThrowCompletion">(_err6)
        return _ret7
      } else nop
      if (&& (exists v.FunctionAddress) (= (yet "therefore") (yet "an [=Exported Function=]"))) {
        let funcaddr = v.FunctionAddress
      } else {
        call funcaddr = clo<"create_a_host_function">(v, functype)
      }
      let externfunc = (case "FUNC" funcaddr)
      push imports < externfunc
    } else nop
    if (= (case-tag externtype) "GLOBAL") {
      let mut = (proj (proj externtype 0) 0)
      let valtype = (proj (proj externtype 0) 1)
      if (yet "implements Global") {
        let globaladdr = v.Global
      } else {
        if (&& (= valtype ~i64~) (! (? v: BigInt))) {
          call _err7 = clo<"__NEW_ERROR_OBJ__">("%LinkError.prototype%")
          call _ret8 = clo<"ThrowCompletion">(_err7)
          return _ret8
        } else nop
        if (yet "|valtype| is one of [=i32=]") {
          call _err8 = clo<"__NEW_ERROR_OBJ__">("%LinkError.prototype%")
          call _ret9 = clo<"ThrowCompletion">(_err8)
          return _ret9
        } else nop
        if (= valtype ~v128~) {
          call _err9 = clo<"__NEW_ERROR_OBJ__">("%LinkError.prototype%")
          call _ret10 = clo<"ThrowCompletion">(_err9)
          return _ret10
        } else nop
        call _throwComp1 = clo<"towebassemblyvalue">(v, valtype)
        if (exists _throwComp1.Type) {
          if (= _throwComp1.Type ~throw~) {
            let exception = _throwComp1.Value
            call _err10 = clo<"__NEW_ERROR_OBJ__">("%LinkError.prototype%")
            call _ret11 = clo<"ThrowCompletion">(_err10)
            return _ret11
          } else {
            let value = _throwComp1.Value
          }
        } else {
          let value = _throwComp1
        }
        let store = @AGENT_RECORD["associated store"]
        call-embed _tuple3 = <global_alloc>(store, (case "CONST" valtype), value)
        let store = (proj _tuple3 0)
        let globaladdr = (proj _tuple3 1)
        @AGENT_RECORD["associated store"] = store
      }
      let externglobal = (case "GLOBAL" globaladdr)
      push imports < externglobal
    } else nop
    if (= (case-tag externtype) "MEM") {
      let memtype = (proj externtype 0)
      if (yet "implements Memory") {
        call _err11 = clo<"__NEW_ERROR_OBJ__">("%LinkError.prototype%")
        call _ret12 = clo<"ThrowCompletion">(_err11)
        return _ret12
      } else nop
      let externmem = (case "MEM" v.Memory)
      push imports < externmem
    } else nop
    if (= (case-tag externtype) "TABLE") {
      let tabletype = (proj externtype 0)
      if (yet "implements Table") {
        call _err12 = clo<"__NEW_ERROR_OBJ__">("%LinkError.prototype%")
        call _ret13 = clo<"ThrowCompletion">(_err12)
        return _ret13
      } else nop
      let tableaddr = v.Table
      let externtable = (case "TABLE" tableaddr)
      push imports < externtable
    } else nop
    if (= (case-tag externtype) "TAG") {
      let functype = (proj externtype 0)
      if (yet "implements Tag") {
        call _err13 = clo<"__NEW_ERROR_OBJ__">("%LinkError.prototype%")
        call _ret14 = clo<"ThrowCompletion">(_err13)
        return _ret14
      } else nop
      let tagaddr = v.Address
      let externtag = (case "TAG" tagaddr)
      push imports < externtag
    } else nop
    _iterIdx8 = (+ _iterIdx8 1)
  }
  let _v14 = imports
  if (exists _v14.Type) {
    return _v14
  } else {
    call _ret15 = clo<"NormalCompletion">(_v14)
    return _ret15
  }
  return ~unused~
}
def create_an_exports_object(
  module: Unknown,
  instance: Unknown,
): Unknown = {
  call _comp6 = clo<"OrdinaryObjectCreate">(null)
  if (exists _comp6.Type) {
    assert (= _comp6.Type ~normal~)
    let exportsObject = _comp6.Value
  } else {
    let exportsObject = _comp6
  }
  call-embed _iterList9 = <module_exports>(module)
  let _iterIdx10 = 0
  while (< _iterIdx10 (sizeof _iterList9)) {
    let _tuple4 = _iterList9[_iterIdx10]
    let name = (proj _tuple4 0)
    let externtype = (proj _tuple4 1)
    call-embed externval = <instance_export>(instance, name)
    assert (! (= externval ~error~))
    if (= (case-tag externtype) "FUNC") {
      let functype = (proj externtype 0)
      assert (yet "is of form Case([=external value/func=],List(Var(funcaddr)))")
      assert (= (case-tag externval) "FUNC")
      let funcaddr = (proj externval 0)
      call func = clo<"a_new_exported_function">(funcaddr)
      let value = func
    } else nop
    if (= (case-tag externtype) "GLOBAL") {
      let mut = (proj (proj externtype 0) 0)
      let globaltype = (proj (proj externtype 0) 1)
      assert (yet "is of form Case([=external value/global=],List(Var(globaladdr)))")
      assert (= (case-tag externval) "GLOBAL")
      let globaladdr = (proj externval 0)
      call global = clo<"create_a_global_object">(globaladdr)
      let value = global
    } else nop
    if (= (case-tag externtype) "MEM") {
      let memtype = (proj externtype 0)
      assert (yet "is of form Case([=external value/mem=],List(Var(memaddr)))")
      assert (= (case-tag externval) "MEM")
      let memaddr = (proj externval 0)
      call memory = clo<"create_a_memory_object">(memaddr)
      let value = memory
    } else nop
    if (= (case-tag externtype) "TABLE") {
      let tabletype = (proj externtype 0)
      assert (yet "is of form Case([=external value/table=],List(Var(tableaddr)))")
      assert (= (case-tag externval) "TABLE")
      let tableaddr = (proj externval 0)
      call table = clo<"create_a_table_object">(tableaddr)
      let value = table
    } else nop
    if (= (case-tag externtype) "TAG") {
      let functype = (proj externtype 0)
      assert (yet "is of form Case([=external value/tag=],List(Var(tagaddr)))")
      assert (= (case-tag externval) "TAG")
      let tagaddr = (proj externval 0)
      call tag = clo<"create_a_tag_object">(tagaddr)
      let value = tag
    } else nop
    call _comp7 = clo<"CreateDataProperty">(exportsObject, name, value)
    if (exists _comp7.Type) {
      assert (= _comp7.Type ~normal~)
      let status = _comp7.Value
    } else {
      let status = _comp7
    }
    assert (= status true)
    _iterIdx10 = (+ _iterIdx10 1)
  }
  call _ = clo<"SetIntegrityLevel">(exportsObject, ~frozen~)
  return exportsObject
}
def initialize_an_instance_object(
  instanceObject: Unknown,
  module: Unknown,
  instance: Unknown,
): Unknown = {
  call exportsObject = clo<"create_an_exports_object">(module, instance)
  instanceObject.Instance = instance
  instanceObject.Exports = exportsObject
  return ~unused~
}
def instantiate_the_core_of_a_webassembly_module(
  module: Unknown,
  imports: Unknown,
): Unknown = {
  let store = @AGENT_RECORD["associated store"]
  call-embed result = <module_instantiate>(store, module, imports)
  if (= result ~error~) {
    (yet "A {{LinkError}} exception for most cases which occur during linking")
    if (yet "the error came when running the start function") {
      (yet "throw a {{RuntimeError}} for most errors which occur from WebAssembly, or the error object propagated from inner ECMAScript code")
    } else nop
    (yet "Another error type if appropriate, for example an out-of-memory exception, as documented in <a href=\"#errors\">the WebAssembly error mapping</a>")
  } else nop
  let store = (proj result 0)
  let instance = (proj result 1)
  @AGENT_RECORD["associated store"] = store
  let _v15 = instance
  if (exists _v15.Type) {
    return _v15
  } else {
    call _ret16 = clo<"NormalCompletion">(_v15)
    return _ret16
  }
  return ~unused~
}
def asynchronously_instantiate_a_webassembly_module(
  moduleObject: Unknown,
  importObject: Unknown,
): Unknown = {
  call promise = clo<"a_new_promise">(~Instance~, @EXECUTION_STACK[0].Realm)
  let module = moduleObject.Module
  let builtinSetNames = moduleObject.BuiltinSets
  let importedStringModule = moduleObject.ImportedStringModule
  call _throwComp2 = clo<"read_the_imports">(module, importObject, builtinSetNames, importedStringModule)
  if (exists _throwComp2.Type) {
    if (= _throwComp2.Type ~throw~) {
      let exception = _throwComp2.Value
      call _ = clo<"reject">(~Instance~, promise, exception)
      return promise
    } else {
      let imports = _throwComp2.Value
    }
  } else {
    let imports = _throwComp2
  }
  call _ = clo<"HostEnqueuePromiseJob">(clo<"asynchronously_instantiate_a_webassembly_module_closure1", [imports, module, promise]>, @EXECUTION_STACK[0].Realm)
  return promise
}
def instantiate_a_promise_of_a_module(
  promiseOfModule: Unknown,
  importObject: Unknown,
): Unknown = {
  call promise = clo<"a_new_promise">(~WebAssemblyInstantiatedSource~, @EXECUTION_STACK[0].Realm)
  let onFullfilledSteps = clo<"instantiate_a_promise_of_a_module_closure1", [importObject, promise]>
  let onRejectedSteps = clo<"instantiate_a_promise_of_a_module_closure4", [promise]>
  call _ = clo<"react">(~WebAssemblyInstantiatedSource~, promiseOfModule, onFullfilledSteps, onRejectedSteps, @EXECUTION_STACK[0].Realm)
  return promise
}
def instantiate(
  bytes: Unknown,
  importObject: Unknown,
  options: Unknown,
): Unknown = {
  call stableBytes = clo<"get_a_copy_of_the_buffer_source">(bytes)
  call promiseOfModule = clo<"asynchronously_compile_a_webassembly_module">(stableBytes, options)
  call _ret17 = clo<"instantiate_a_promise_of_a_module">(promiseOfModule, importObject)
  return _ret17
  return ~unused~
}
def instantiate_object(
  moduleObject: Unknown,
  importObject: Unknown,
): Unknown = {
  call _ret18 = clo<"asynchronously_instantiate_a_webassembly_module">(moduleObject, importObject)
  return _ret18
  return ~unused~
}
def string_value_of_the_extern_type(
  type: Unknown,
): Unknown = {
  (yet "\"function\" if |type| is of the form [=external-type/func=] <var ignore>functype</var>")
  (yet "\"table\" if |type| is of the form [=external-type/table=] <var ignore>tabletype</var>")
  (yet "\"memory\" if |type| is of the form [=external-type/mem=] <var ignore>memtype</var>")
  (yet "\"global\" if |type| is of the form [=external-type/global=] <var ignore>globaltype</var>")
  (yet "\"tag\" if |type| is of the form [=external-type/tag=] <var ignore>tag</var>")
  return ~unused~
}
def exports(
  moduleObject: Unknown,
): Unknown = {
  let module = moduleObject.Module
  let exports = (list [])
  call-embed _iterList11 = <module_exports>(module)
  let _iterIdx12 = 0
  while (< _iterIdx12 (sizeof _iterList11)) {
    let _tuple5 = _iterList11[_iterIdx12]
    let name = (proj _tuple5 0)
    let type = (proj _tuple5 1)
    call kind = clo<"string_value_of_the_extern_type">(type)
    let obj = (map [Unknown, Unknown] {
      "{{ModuleExportDescriptor/name}}" -> name,
      "{{ModuleExportDescriptor/kind}}" -> kind,
    })
    push exports < obj
    _iterIdx12 = (+ _iterIdx12 1)
  }
  return exports
}
def imports(
  moduleObject: Unknown,
): Unknown = {
  let module = moduleObject.Module
  let builtinSetNames = moduleObject.BuiltinSets
  let importedStringModule = moduleObject.ImportedStringModule
  let imports = (list [])
  call-embed _iterList13 = <module_imports>(module)
  let _iterIdx14 = 0
  while (< _iterIdx14 (sizeof _iterList13)) {
    let _tuple6 = _iterList13[_iterIdx14]
    let moduleName = (proj _tuple6 0)
    let name = (proj _tuple6 1)
    let type = (proj _tuple6 2)
    if (&& (yet "[=find a builtin=] for (|moduleName|, |name|, |type|)") (! (= builtinSetNames null))) {
      (yet "continue")
    } else nop
    if (&& (! (= importedStringModule null)) (= moduleName importedStringModule)) {
      (yet "continue")
    } else nop
    call kind = clo<"string_value_of_the_extern_type">(type)
    let obj = (map [Unknown, Unknown] {
      "{{ModuleImportDescriptor/module}}" -> moduleName,
      "{{ModuleImportDescriptor/name}}" -> name,
      "{{ModuleImportDescriptor/kind}}" -> kind,
    })
    push imports < obj
    _iterIdx14 = (+ _iterIdx14 1)
  }
  return imports
}
def customsections(
  moduleObject: Unknown,
  sectionName: Unknown,
): Unknown = {
  let bytes = moduleObject.Bytes
  let customSections = (list [])
  (yet "foreach [=custom_section=](|customSection|) in |bytes|")
  call name = clo<"utf-8_decode_without_bom_or_fail">((yet "the <code>name</code> of |customSection|"))
  assert (! (= name (yet "failure (|moduleObject|.\\[[Module]] is [=valid=])")))
  if (= name (yet "|sectionName| as string values")) {
    push customSections < (yet "a new {{ArrayBuffer}} containing a copy of the bytes in |bytes| for the range matched by this [=customsec=] production")
  } else nop
  return customSections
}
def module(
  bytes: Unknown,
  options: Unknown,
): Unknown = {
  call stableBytes = clo<"get_a_copy_of_the_buffer_source">(bytes)
  call module = clo<"compile_a_webassembly_module">(stableBytes)
  if (= module ~error~) {
    call _err16 = clo<"__NEW_ERROR_OBJ__">("%CompileError.prototype%")
    call _ret19 = clo<"ThrowCompletion">(_err16)
    return _ret19
  } else nop
  if (exists options.builtins) {
    let builtinSetNames = options.builtin
  } else {
    let builtinSetNames = (list [])
  }
  if (exists options.importedStringConstants) {
    let importedStringModule = options.builtin
  } else {
    let importedStringModule = null
  }
  call _call9 = clo<"validate_builtins_and_imported_string_for_a_webassembly_module">(module, builtinSetNames, importedStringModule)
  if (= _call9 false) {
    call _err17 = clo<"__NEW_ERROR_OBJ__">("%CompileError.prototype%")
    call _ret20 = clo<"ThrowCompletion">(_err17)
    return _ret20
  } else nop
  @this.Module = module
  @this.Bytes = stableBytes
  @this.BuiltinSets = builtinSetNames
  @this.ImportedStringModule = importedStringModule
  call _ret21 = clo<"NormalCompletion">(~unused~)
  return _ret21
}
def instance(
  moduleObject: Unknown,
  importObject: Unknown,
): Unknown = {
  let builtinSetNames = moduleObject.BuiltinSets
  let importedStringModule = moduleObject.ImportedStringModule
  let module = moduleObject.Module
  call imports = clo<"read_the_imports">(module, importObject, builtinSetNames, importedStringModule)
  if (? imports: Abrupt) {
    return imports
  } else {
    imports = imports.Value
  }
  call instance = clo<"instantiate_the_core_of_a_webassembly_module">(module, imports)
  if (? instance: Abrupt) {
    return instance
  } else {
    instance = instance.Value
  }
  call _ = clo<"initialize_an_instance_object">(@this, module, instance)
  call _ret22 = clo<"NormalCompletion">(~unused~)
  return _ret22
}
def exports(
): Unknown = {
  return ~unused~
}
def create_a_fixed_length_memory_buffer(
  memaddr: Unknown,
): Unknown = {
  let block = (yet "[=Data Block=] which is [=identified with=] the underlying memory of |memaddr|")
  let buffer = (yet "a new {{ArrayBuffer}} with the internal slots \\[[ArrayBufferData]], \\[[ArrayBufferByteLength]], and \\[[ArrayBufferDetachKey]]")
  buffer.ArrayBufferData = block
  buffer.ArrayBufferByteLength = (sizeof block)
  buffer.ArrayBufferDetachKey = "WebAssembly.Memory"
  return buffer
}
def create_a_resizable_memory_buffer(
  memaddr: Unknown,
  maxsize: Unknown,
): Unknown = {
  let block = (yet "[=Data Block=] which is [=identified with=] the underlying memory of |memaddr|")
  let length = (sizeof block)
  let buffer = (yet "a new {{ArrayBuffer}} with the internal slots \\[[ArrayBufferData]], \\[[ArrayBufferByteLength]], \\[[ArrayBufferMaxByteLength]], and \\[[ArrayBufferDetachKey]]")
  buffer.ArrayBufferData = block
  buffer.ArrayBufferByteLength = length
  buffer.ArrayBufferMaxByteLength = maxsize
  buffer.ArrayBufferDetachKey = "WebAssembly.Memory"
  return buffer
}
def initialize_a_memory_object(
  memory: Unknown,
  memaddr: Unknown,
): Unknown = {
  let map = @AGENT_RECORD["Memory object cache"]
  assert (! (exists map[memaddr]))
  call buffer = clo<"create_a_fixed_length_memory_buffer">(memaddr)
  memory.Memory = memaddr
  memory.BufferObject = buffer
  map[memaddr] = memory
  return ~unused~
}
def create_a_memory_object(
  memaddr: Unknown,
): Unknown = {
  let map = @AGENT_RECORD["Memory object cache"]
  if (exists map[memaddr]) {
    return map[memaddr]
  } else nop
  let memory = (record [Memory])
  call _ = clo<"initialize_a_memory_object">(memory, memaddr)
  return memory
}
def memory(
  descriptor: Unknown,
): Unknown = {
  if (exists descriptor.address) {
    let addrtype = descriptor.address
  } else {
    let addrtype = "i32"
  }
  call _comp8 = clo<"addressvaluetou64">(descriptor.initial, addrtype)
  if (exists _comp8.Type) {
    if (? _comp8: Abrupt) {
      let _v18 = _comp8
      if (exists _v18.Type) {
        return _v18
      } else {
        call _ret23 = clo<"NormalCompletion">(_v18)
        return _ret23
      }
    } else {
      let initial = _comp8.Value
    }
  } else {
    let initial = _comp8
  }
  if (exists descriptor.maximum) {
    call _comp9 = clo<"addressvaluetou64">(descriptor.maximum, addrtype)
    if (exists _comp9.Type) {
      if (? _comp9: Abrupt) {
        let _v19 = _comp9
        if (exists _v19.Type) {
          return _v19
        } else {
          call _ret24 = clo<"NormalCompletion">(_v19)
          return _ret24
        }
      } else {
        let maximum = _comp9.Value
      }
    } else {
      let maximum = _comp9
    }
  } else {
    let maximum = ~empty~
  }
  call memtype = clo<"memory_type">(addrtype, ~**min**~, initial, ~**max**~, maximum)
  if (! (= memtype ~valid memtype~)) {
    call _err20 = clo<"__NEW_ERROR_OBJ__">("%RangeError.prototype%")
    call _ret25 = clo<"ThrowCompletion">(_err20)
    return _ret25
  } else nop
  let store = @AGENT_RECORD["associated store"]
  call-embed _tuple7 = <mem_alloc>(store, memtype)
  let store = (proj _tuple7 0)
  let memaddr = (proj _tuple7 1)
  if (yet "allocation fails") {
    call _err21 = clo<"__NEW_ERROR_OBJ__">("%RangeError.prototype%")
    call _ret26 = clo<"ThrowCompletion">(_err21)
    return _ret26
  } else nop
  @AGENT_RECORD["associated store"] = store
  call _ = clo<"initialize_a_memory_object">(@this, memaddr)
  call _ret27 = clo<"NormalCompletion">(~unused~)
  return _ret27
}
def refresh_the_memory_buffer(
  memaddr: Unknown,
): Unknown = {
  let map = @AGENT_RECORD["Memory object cache"]
  assert (exists map[memaddr])
  let memory = map[memaddr]
  let buffer = memory.BufferObject
  call _call10 = clo<"isfixedlengtharraybuffer">(buffer)
  if (= _call10 true) {
    call _ = clo<"DetachArrayBuffer">(buffer, "WebAssembly.Memory")
    call buffer = clo<"create_a_fixed_length_memory_buffer">(memaddr)
    memory.BufferObject = buffer
  } else {
    let block = (yet "[=Data Block=] which is [=identified with=] the underlying memory of |memaddr|")
    buffer.ArrayBufferData = block
    buffer.ArrayBufferByteLength = (sizeof block)
  }
  return ~unused~
}
def grow_the_memory_buffer(
  memaddr: Unknown,
  delta: Unknown,
): Unknown = {
  let store = @AGENT_RECORD["associated store"]
  let ret = (yet "the [=mem_size=](|store|, |memaddr|)")
  call-embed store = <mem_grow>(store, memaddr, delta)
  if (= store ~error~) {
    call _err22 = clo<"__NEW_ERROR_OBJ__">("%RangeError.prototype%")
    call _ret28 = clo<"ThrowCompletion">(_err22)
    return _ret28
  } else nop
  @AGENT_RECORD["associated store"] = store
  call _ = clo<"refresh_the_memory_buffer">(memaddr)
  let _v23 = ret
  if (exists _v23.Type) {
    return _v23
  } else {
    call _ret29 = clo<"NormalCompletion">(_v23)
    return _ret29
  }
  return ~unused~
}
def grow(
  delta: Unknown,
): Unknown = {
  let memaddr = @this.Memory
  let store = @AGENT_RECORD["associated store"]
  let addrtype = (yet "the [=address type=] in [=mem_type=](|store|, |memaddr|)")
  call _comp10 = clo<"addressvaluetou64">(delta, addrtype)
  if (exists _comp10.Type) {
    if (? _comp10: Abrupt) {
      let _v24 = _comp10
      if (exists _v24.Type) {
        return _v24
      } else {
        call _ret30 = clo<"NormalCompletion">(_v24)
        return _ret30
      }
    } else {
      let delta64 = _comp10.Value
    }
  } else {
    let delta64 = _comp10
  }
  call ret = clo<"grow_the_memory_buffer">(memaddr, delta64)
  if (? ret: Abrupt) {
    return ret
  } else {
    ret = ret.Value
  }
  call _v25 = clo<"u64toaddressvalue">(ret, addrtype)
  if (exists _v25.Type) {
    return _v25
  } else {
    call _ret31 = clo<"NormalCompletion">(_v25)
    return _ret31
  }
  return ~unused~
}
def memory.grow(
): Unknown = {
  call _call11 = clo<"i32.const">((- 1))
  if (&& (! (= (yet "the top of the stack") _call11)) (! (= (yet "the top of the stack") (yet "call [=i64.const=]")))) {
    let frame = ~current frame~
    assert (yet "due to validation, |frame|.[=frame/module=].[=moduleinst/memaddrs=][|x|] exists")
    let memaddr = frame["frame/module"]["moduleinst/memaddrs"][x]
    call _ = clo<"refresh_the_memory_buffer">(memaddr)
  } else nop
  return ~unused~
}
def tofixedlengthbuffer(
): Unknown = {
  let buffer = @this.BufferObject
  call _call12 = clo<"isfixedlengtharraybuffer">(buffer)
  if (= _call12 true) {
    return buffer
  } else nop
  let memaddr = @this.Memory
  call fixedBuffer = clo<"create_a_fixed_length_memory_buffer">(memaddr)
  call _ = clo<"DetachArrayBuffer">(buffer, "WebAssembly.Memory")
  @this.BufferObject = fixedBuffer
  return fixedBuffer
}
def toresizablebuffer(
): Unknown = {
  let memaddr = @this.Memory
  let store = @AGENT_RECORD["associated store"]
  call-embed memtype = <mem_type>(store, memaddr)
  if (yet "|memtype| does not have a max") {
    call _err26 = clo<"__NEW_ERROR_OBJ__">("%TypeError.prototype%")
    call _ret32 = clo<"ThrowCompletion">(_err26)
    return _ret32
  } else nop
  let buffer = @this.BufferObject
  call _call13 = clo<"isfixedlengtharraybuffer">(buffer)
  if (= _call13 false) {
    let _v27 = buffer
    if (exists _v27.Type) {
      return _v27
    } else {
      call _ret33 = clo<"NormalCompletion">(_v27)
      return _ret33
    }
  } else nop
  assert (yet "|memtype| has a max")
  let maxsize = (* (yet "the max value in |memtype|") 65536)
  call resizableBuffer = clo<"create_a_resizable_memory_buffer">(memaddr, maxsize)
  call _ = clo<"DetachArrayBuffer">(buffer, "WebAssembly.Memory")
  @this.BufferObject = resizableBuffer
  let _v28 = resizableBuffer
  if (exists _v28.Type) {
    return _v28
  } else {
    call _ret34 = clo<"NormalCompletion">(_v28)
    return _ret34
  }
  return ~unused~
}
def abstract_operation_[=hostresizearraybuffer=](
  buffer: Unknown,
  newLength: Unknown,
): Unknown = {
  if (= buffer.ArrayBufferDetachKey "WebAssembly.Memory") {
    let map = @AGENT_RECORD["Memory object cache"]
    assert (= buffer (yet "the \\[[BufferObject]] of exactly one value in |map|"))
    (yet "foreach ?(|memaddr| &rarr; |mem|) in |map|")
    call _call14 = clo<"samevalue">(mem.BufferObject, buffer)
    if (= _call14 true) {
      assert (= (% buffer.ArrayBufferByteLength 65536) 0)
      let lengthDelta = (- newLength buffer.ArrayBufferByteLength)
      if (|| (< lengthDelta 0) (! (= (% lengthDelta 65536) 0))) {
        call _err29 = clo<"__NEW_ERROR_OBJ__">("%RangeError.prototype%")
        call _ret35 = clo<"ThrowCompletion">(_err29)
        return _ret35
      } else nop
      let delta = (/ lengthDelta 65536)
      call _ = clo<"grow_the_memory_buffer">(memaddr, delta)
    } else nop
    let _v30 = ~handled~
    if (exists _v30.Type) {
      return _v30
    } else {
      call _ret36 = clo<"NormalCompletion">(_v30)
      return _ret36
    }
  } else {
    let _v31 = ~unhandled~
    if (exists _v31.Type) {
      return _v31
    } else {
      call _ret37 = clo<"NormalCompletion">(_v31)
      return _ret37
    }
  }
  call _ret38 = clo<"NormalCompletion">(~unused~)
  return _ret38
}
def buffer(
): Unknown = {
  return ~unused~
}
def initialize_a_table_object(
  table: Unknown,
  tableaddr: Unknown,
): Unknown = {
  let map = @AGENT_RECORD["Table object cache"]
  assert (! (exists map[tableaddr]))
  table.Table = tableaddr
  map[tableaddr] = table
  return ~unused~
}
def create_a_table_object(
  tableaddr: Unknown,
): Unknown = {
  let map = @AGENT_RECORD["Table object cache"]
  if (exists map[tableaddr]) {
    return map[tableaddr]
  } else nop
  let table = (record [Table])
  call _ = clo<"initialize_a_table_object">(table, tableaddr)
  return table
}
def table(
  descriptor: Unknown,
  value: Unknown,
): Unknown = {
  call elementtype = clo<"tovaluetype">(descriptor.element)
  if (! (= elementtype (yet "a [=reftype=]"))) {
    call _err32 = clo<"__NEW_ERROR_OBJ__">("%TypeError.prototype%")
    call _ret39 = clo<"ThrowCompletion">(_err32)
    return _ret39
  } else nop
  if (exists descriptor.address) {
    let addrtype = descriptor.address
  } else {
    let addrtype = "i32"
  }
  call _comp11 = clo<"addressvaluetou64">(descriptor.initial, addrtype)
  if (exists _comp11.Type) {
    if (? _comp11: Abrupt) {
      let _v33 = _comp11
      if (exists _v33.Type) {
        return _v33
      } else {
        call _ret40 = clo<"NormalCompletion">(_v33)
        return _ret40
      }
    } else {
      let initial = _comp11.Value
    }
  } else {
    let initial = _comp11
  }
  if (exists descriptor.maximum) {
    call _comp12 = clo<"addressvaluetou64">(descriptor.maximum, addrtype)
    if (exists _comp12.Type) {
      if (? _comp12: Abrupt) {
        let _v34 = _comp12
        if (exists _v34.Type) {
          return _v34
        } else {
          call _ret41 = clo<"NormalCompletion">(_v34)
          return _ret41
        }
      } else {
        let maximum = _comp12.Value
      }
    } else {
      let maximum = _comp12
    }
  } else {
    let maximum = ~empty~
  }
  let type = (yet "|addrtype| { <b>[=limits|min=]</b> |initial|, <b>[=limits|max=]</b> |maximum| } |elementtype|")
  if (! (= type ~valid tabletype~)) {
    call _err35 = clo<"__NEW_ERROR_OBJ__">("%RangeError.prototype%")
    call _ret42 = clo<"ThrowCompletion">(_err35)
    return _ret42
  } else nop
  if (! (exists value)) {
    call ref = clo<"defaultvalue">(elementtype)
    assert (! (= ref ~error~))
  } else {
    call _comp13 = clo<"towebassemblyvalue">(value, elementtype)
    if (exists _comp13.Type) {
      if (? _comp13: Abrupt) {
        let _v36 = _comp13
        if (exists _v36.Type) {
          return _v36
        } else {
          call _ret43 = clo<"NormalCompletion">(_v36)
          return _ret43
        }
      } else {
        let ref = _comp13.Value
      }
    } else {
      let ref = _comp13
    }
  }
  let store = @AGENT_RECORD["associated store"]
  call-embed _tuple8 = <table_alloc>(store, type, ref)
  let store = (proj _tuple8 0)
  let tableaddr = (proj _tuple8 1)
  if (yet "allocation fails") {
    call _err37 = clo<"__NEW_ERROR_OBJ__">("%RangeError.prototype%")
    call _ret44 = clo<"ThrowCompletion">(_err37)
    return _ret44
  } else nop
  @AGENT_RECORD["associated store"] = store
  call _ = clo<"initialize_a_table_object">(@this, tableaddr)
  call _ret45 = clo<"NormalCompletion">(~unused~)
  return _ret45
}
def grow(
  delta: Unknown,
  value: Unknown,
): Unknown = {
  let tableaddr = @this.Table
  let store = @AGENT_RECORD["associated store"]
  call-embed initialSize = <table_size>(store, tableaddr)
  call-embed _tuple9 = <table_type>(store, tableaddr)
  let addrtype = (proj _tuple9 0)
  let limits = (proj _tuple9 1)
  let elementtype = (proj _tuple9 2)
  call _comp14 = clo<"addressvaluetou64">(delta, addrtype)
  if (exists _comp14.Type) {
    if (? _comp14: Abrupt) {
      let _v38 = _comp14
      if (exists _v38.Type) {
        return _v38
      } else {
        call _ret46 = clo<"NormalCompletion">(_v38)
        return _ret46
      }
    } else {
      let delta64 = _comp14.Value
    }
  } else {
    let delta64 = _comp14
  }
  if (! (exists value)) {
    call ref = clo<"defaultvalue">(elementtype)
    if (= ref ~error~) {
      call _err39 = clo<"__NEW_ERROR_OBJ__">("%TypeError.prototype%")
      call _ret47 = clo<"ThrowCompletion">(_err39)
      return _ret47
    } else nop
  } else {
    call _comp15 = clo<"towebassemblyvalue">(value, elementtype)
    if (exists _comp15.Type) {
      if (? _comp15: Abrupt) {
        let _v40 = _comp15
        if (exists _v40.Type) {
          return _v40
        } else {
          call _ret48 = clo<"NormalCompletion">(_v40)
          return _ret48
        }
      } else {
        let ref = _comp15.Value
      }
    } else {
      let ref = _comp15
    }
  }
  call-embed result = <table_grow>(store, tableaddr, delta64, ref)
  if (= result ~error~) {
    call _err41 = clo<"__NEW_ERROR_OBJ__">("%RangeError.prototype%")
    call _ret49 = clo<"ThrowCompletion">(_err41)
    return _ret49
  } else nop
  @AGENT_RECORD["associated store"] = result
  call _v42 = clo<"u64toaddressvalue">(initialSize, addrtype)
  if (exists _v42.Type) {
    return _v42
  } else {
    call _ret50 = clo<"NormalCompletion">(_v42)
    return _ret50
  }
  return ~unused~
}
def length(
): Unknown = {
  let tableaddr = @this.Table
  let store = @AGENT_RECORD["associated store"]
  let addrtype = (yet "the [=address type=] in [=table_type=](|store|, |tableaddr|)")
  call-embed length64 = <table_size>(store, tableaddr)
  call _ret51 = clo<"u64toaddressvalue">(length64, addrtype)
  return _ret51
}
def get(
  index: Unknown,
): Unknown = {
  let tableaddr = @this.Table
  let store = @AGENT_RECORD["associated store"]
  call-embed _tuple10 = <table_type>(store, tableaddr)
  let addrtype = (proj _tuple10 0)
  let limits = (proj _tuple10 1)
  let elementtype = (proj _tuple10 2)
  if (yet "matches reftype") {
    call _err43 = clo<"__NEW_ERROR_OBJ__">("%TypeError.prototype%")
    call _ret52 = clo<"ThrowCompletion">(_err43)
    return _ret52
  } else nop
  call _comp16 = clo<"addressvaluetou64">(index, addrtype)
  if (exists _comp16.Type) {
    if (? _comp16: Abrupt) {
      let _v44 = _comp16
      if (exists _v44.Type) {
        return _v44
      } else {
        call _ret53 = clo<"NormalCompletion">(_v44)
        return _ret53
      }
    } else {
      let index64 = _comp16.Value
    }
  } else {
    let index64 = _comp16
  }
  call-embed result = <table_read>(store, tableaddr, index64)
  if (= result ~error~) {
    call _err45 = clo<"__NEW_ERROR_OBJ__">("%RangeError.prototype%")
    call _ret54 = clo<"ThrowCompletion">(_err45)
    return _ret54
  } else nop
  call _comp17 = clo<"tojsvalue">(result)
  if (exists _comp17.Type) {
    assert (= _comp17.Type ~normal~)
    let _v46 = _comp17.Value
    if (exists _v46.Type) {
      return _v46
    } else {
      call _ret55 = clo<"NormalCompletion">(_v46)
      return _ret55
    }
  } else {
    let _v47 = _comp17
    if (exists _v47.Type) {
      return _v47
    } else {
      call _ret56 = clo<"NormalCompletion">(_v47)
      return _ret56
    }
  }
  call _ret57 = clo<"NormalCompletion">(~unused~)
  return _ret57
}
def set(
  index: Unknown,
  value: Unknown,
): Unknown = {
  let tableaddr = @this.Table
  let store = @AGENT_RECORD["associated store"]
  call-embed _tuple11 = <table_type>(store, tableaddr)
  let addrtype = (proj _tuple11 0)
  let limits = (proj _tuple11 1)
  let elementtype = (proj _tuple11 2)
  if (yet "matches reftype") {
    call _err48 = clo<"__NEW_ERROR_OBJ__">("%TypeError.prototype%")
    call _ret58 = clo<"ThrowCompletion">(_err48)
    return _ret58
  } else nop
  call _comp18 = clo<"addressvaluetou64">(index, addrtype)
  if (exists _comp18.Type) {
    if (? _comp18: Abrupt) {
      let _v49 = _comp18
      if (exists _v49.Type) {
        return _v49
      } else {
        call _ret59 = clo<"NormalCompletion">(_v49)
        return _ret59
      }
    } else {
      let index64 = _comp18.Value
    }
  } else {
    let index64 = _comp18
  }
  if (! (exists value)) {
    call ref = clo<"defaultvalue">(elementtype)
    if (= ref ~error~) {
      call _err50 = clo<"__NEW_ERROR_OBJ__">("%TypeError.prototype%")
      call _ret60 = clo<"ThrowCompletion">(_err50)
      return _ret60
    } else nop
  } else {
    call _comp19 = clo<"towebassemblyvalue">(value, elementtype)
    if (exists _comp19.Type) {
      if (? _comp19: Abrupt) {
        let _v51 = _comp19
        if (exists _v51.Type) {
          return _v51
        } else {
          call _ret61 = clo<"NormalCompletion">(_v51)
          return _ret61
        }
      } else {
        let ref = _comp19.Value
      }
    } else {
      let ref = _comp19
    }
  }
  call-embed store = <table_write>(store, tableaddr, index64, ref)
  if (= store ~error~) {
    call _err52 = clo<"__NEW_ERROR_OBJ__">("%RangeError.prototype%")
    call _ret62 = clo<"ThrowCompletion">(_err52)
    return _ret62
  } else nop
  @AGENT_RECORD["associated store"] = store
  call _ret63 = clo<"NormalCompletion">(~unused~)
  return _ret63
}
def initialize_a_global_object(
  global: Unknown,
  globaladdr: Unknown,
): Unknown = {
  let map = @AGENT_RECORD["Global object cache"]
  assert (! (exists map[globaladdr]))
  global.Global = globaladdr
  map[globaladdr] = global
  return ~unused~
}
def create_a_global_object(
  globaladdr: Unknown,
): Unknown = {
  let map = @AGENT_RECORD["Global object cache"]
  if (exists map[globaladdr]) {
    return map[globaladdr]
  } else nop
  let global = (record [Global])
  call _ = clo<"initialize_a_global_object">(global, globaladdr)
  return global
}
def tovaluetype(
  s: Unknown,
): Unknown = {
  if (= s "i32") {
    return ~i32~
  } else nop
  if (= s "i64") {
    return ~i64~
  } else nop
  if (= s "f32") {
    return ~f32~
  } else nop
  if (= s "f64") {
    return ~f64~
  } else nop
  if (= s "v128") {
    return ~v128~
  } else nop
  if (= s "anyfunc") {
    return ~funcref~
  } else nop
  if (= s "externref") {
    return ~externref~
  } else nop
  assert false
  return ~unused~
}
def defaultvalue(
  valuetype: Unknown,
): Unknown = {
  if (= valuetype ~externref~) {
    call _comp20 = clo<"towebassemblyvalue">(undefined, valuetype)
    if (exists _comp20.Type) {
      assert (= _comp20.Type ~normal~)
      return _comp20.Value
    } else {
      return _comp20
    }
  } else nop
  call-embed _ret64 = <val_default>(valuetype)
  return _ret64
}
def global(
  descriptor: Unknown,
  v: Unknown,
): Unknown = {
  let mutable = descriptor.mutable
  call valuetype = clo<"tovaluetype">(descriptor.value)
  call-embed _m1 = <match_valtype>(valuetype, ~v128~)
  call-embed _m2 = <match_valtype>(valuetype, ~exnref~)
  if (|| (= _m1 true) (= _m2 true)) {
    call _err53 = clo<"__NEW_ERROR_OBJ__">("%TypeError.prototype%")
    call _ret65 = clo<"ThrowCompletion">(_err53)
    return _ret65
  } else nop
  if (! (exists v)) {
    call value = clo<"defaultvalue">(valuetype)
    assert (! (= value ~error~))
  } else {
    call _comp21 = clo<"towebassemblyvalue">(v, valuetype)
    if (exists _comp21.Type) {
      if (? _comp21: Abrupt) {
        let _v54 = _comp21
        if (exists _v54.Type) {
          return _v54
        } else {
          call _ret66 = clo<"NormalCompletion">(_v54)
          return _ret66
        }
      } else {
        let value = _comp21.Value
      }
    } else {
      let value = _comp21
    }
  }
  if (= mutable true) {
    let globaltype = (case "VAR" valuetype)
  } else {
    let globaltype = (case "CONST" valuetype)
  }
  let store = @AGENT_RECORD["associated store"]
  call-embed _tuple12 = <global_alloc>(store, globaltype, value)
  let store = (proj _tuple12 0)
  let globaladdr = (proj _tuple12 1)
  (yet "<!-- TODO(littledan): Report allocation failure https://github.com/WebAssembly/spec/issues/584 -->")
  @AGENT_RECORD["associated store"] = store
  call _ = clo<"initialize_a_global_object">(@this, globaladdr)
  call _ret67 = clo<"NormalCompletion">(~unused~)
  return _ret67
}
def getglobalvalue(
  global: Unknown,
): Unknown = {
  let store = @AGENT_RECORD["associated store"]
  let globaladdr = global.Global
  call-embed globaltype = <global_type>(store, globaladdr)
  if (|| (yet "is of form Unknown(<var ignore>mut</var> |valuetype|)") ~exnref~) {
    call _err55 = clo<"__NEW_ERROR_OBJ__">("%TypeError.prototype%")
    call _ret68 = clo<"ThrowCompletion">(_err55)
    return _ret68
  } else nop
  call-embed value = <global_read>(store, globaladdr)
  call _comp22 = clo<"tojsvalue">(value)
  if (exists _comp22.Type) {
    assert (= _comp22.Type ~normal~)
    let _v56 = _comp22.Value
    if (exists _v56.Type) {
      return _v56
    } else {
      call _ret69 = clo<"NormalCompletion">(_v56)
      return _ret69
    }
  } else {
    let _v57 = _comp22
    if (exists _v57.Type) {
      return _v57
    } else {
      call _ret70 = clo<"NormalCompletion">(_v57)
      return _ret70
    }
  }
  call _ret71 = clo<"NormalCompletion">(~unused~)
  return _ret71
}
def value(
): Unknown = {
  call _v58 = clo<"getglobalvalue">(@this)
  if (exists _v58.Type) {
    return _v58
  } else {
    call _ret72 = clo<"NormalCompletion">(_v58)
    return _ret72
  }
  return ~unused~
}
def global-value-setter(
): Unknown = {
  let store = @AGENT_RECORD["associated store"]
  let globaladdr = @this.Global
  let _ = (yet "unsupported Let lhs: Unknown(|mut| |valuetype|)")
  call-embed _m3 = <match_valtype>(valuetype, ~v128~)
  call-embed _m4 = <match_valtype>(valuetype, ~exnref~)
  if (|| (= _m3 true) (= _m4 true)) {
    call _err59 = clo<"__NEW_ERROR_OBJ__">("%TypeError.prototype%")
    call _ret73 = clo<"ThrowCompletion">(_err59)
    return _ret73
  } else nop
  if (= mut ~const~) {
    call _err60 = clo<"__NEW_ERROR_OBJ__">("%TypeError.prototype%")
    call _ret74 = clo<"ThrowCompletion">(_err60)
    return _ret74
  } else nop
  call _comp23 = clo<"towebassemblyvalue">(~**the given value**~, valuetype)
  if (exists _comp23.Type) {
    if (? _comp23: Abrupt) {
      let _v61 = _comp23
      if (exists _v61.Type) {
        return _v61
      } else {
        call _ret75 = clo<"NormalCompletion">(_v61)
        return _ret75
      }
    } else {
      let value = _comp23.Value
    }
  } else {
    let value = _comp23
  }
  call-embed store = <global_write>(store, globaladdr, value)
  if (= store ~error~) {
    call _err62 = clo<"__NEW_ERROR_OBJ__">("%RangeError.prototype%")
    call _ret76 = clo<"ThrowCompletion">(_err62)
    return _ret76
  } else nop
  @AGENT_RECORD["associated store"] = store
  call _ret77 = clo<"NormalCompletion">(~unused~)
  return _ret77
}
def valueof(
): Unknown = {
  call _v63 = clo<"getglobalvalue">(@this)
  if (exists _v63.Type) {
    return _v63
  } else {
    call _ret78 = clo<"NormalCompletion">(_v63)
    return _ret78
  }
  return ~unused~
}
def name_of_the_webassembly_function(
  funcaddr: Unknown,
): Unknown = {
  let store = @AGENT_RECORD["associated store"]
  let funcinst = store.funcs[funcaddr]
  let moduleinst = funcinst.module
  assert (contains moduleinst.funcaddrs funcaddr)
  let _idxOf1 = 0
  while (&& (< _idxOf1 (sizeof moduleinst.funcaddrs)) (! (= moduleinst.funcaddrs[_idxOf1] funcaddr))) {
    _idxOf1 = (+ _idxOf1 1)
  }
  let index = _idxOf1
  call _comp24 = clo<"ToString">(index)
  if (exists _comp24.Type) {
    assert (= _comp24.Type ~normal~)
    return _comp24.Value
  } else {
    return _comp24
  }
  return ~unused~
}
def a_new_exported_function(
  funcaddr: Unknown,
): Unknown = {
  let map = @AGENT_RECORD["Exported Function cache"]
  if (exists map[funcaddr]) {
    return map[funcaddr]
  } else nop
  let steps = "[=call an Exported Function|call the Exported Function=] |funcaddr| with arguments."
  let realm = @EXECUTION_STACK[0].Realm
  let store = @AGENT_RECORD["associated store"]
  call-embed functype = <func_type>(store, funcaddr)
  call-embed _tuple13 = <expand>(functype)
  assert (= (case-tag _tuple13) "->")
  let paramTypes = (proj _tuple13 0)
  let resultTypes = (proj _tuple13 1)
  let arity = (sizeof paramTypes)
  call name = clo<"name_of_the_webassembly_function">(funcaddr)
  call _comp25 = clo<"CreateBuiltinFunction">(steps, arity, name, (list [(yet "\\[[FunctionAddress]]")]), realm)
  if (exists _comp25.Type) {
    assert (= _comp25.Type ~normal~)
    let function = _comp25.Value
  } else {
    let function = _comp25
  }
  function.FunctionAddress = funcaddr
  map[funcaddr] = function
  return function
}
def call_an_exported_function(
  funcaddr: Unknown,
  argValues: Unknown,
): Unknown = {
  let store = @AGENT_RECORD["associated store"]
  call-embed functype = <func_type>(store, funcaddr)
  call-embed _tuple14 = <expand>(functype)
  assert (= (case-tag _tuple14) "->")
  let parameters = (proj _tuple14 0)
  let results = (proj _tuple14 1)
  let _found7 = false
  let _i8 = 0
  while (&& (= _found7 false) (< _i8 (sizeof parameters))) {
    let type = parameters[_i8]
    call-embed _m5 = <match_valtype>(type, ~v128~)
    call-embed _m6 = <match_valtype>(type, ~exnref~)
    if (|| (= _m5 true) (= _m6 true)) {
      _found7 = true
    } else nop
    _i8 = (+ _i8 1)
  }
  let _i9 = 0
  while (&& (= _found7 false) (< _i9 (sizeof results))) {
    let type = results[_i9]
    call-embed _m5 = <match_valtype>(type, ~v128~)
    call-embed _m6 = <match_valtype>(type, ~exnref~)
    if (|| (= _m5 true) (= _m6 true)) {
      _found7 = true
    } else nop
    _i9 = (+ _i9 1)
  }
  if (= _found7 true) {
    call _err64 = clo<"__NEW_ERROR_OBJ__">("%TypeError.prototype%")
    call _ret79 = clo<"ThrowCompletion">(_err64)
    return _ret79
  } else nop
  let args = (list [])
  let i = 0
  let _iterList15 = parameters
  let _iterIdx16 = 0
  while (< _iterIdx16 (sizeof _iterList15)) {
    let t = _iterList15[_iterIdx16]
    if (< i (sizeof argValues)) {
      let arg = argValues[i]
    } else {
      let arg = undefined
    }
    call _call15 = clo<"towebassemblyvalue">(arg, t)
    if (? _call15: Abrupt) {
      return _call15
    } else {
      _call15 = _call15.Value
    }
    push args < (yet "nested ?-abrupt: Var(_call15)")
    i = (+ i 1)
    _iterIdx16 = (+ _iterIdx16 1)
  }
  call-embed _tuple15 = <func_invoke>(store, funcaddr, args)
  let store = (proj _tuple15 0)
  let ret = (proj _tuple15 1)
  @AGENT_RECORD["associated store"] = store
  if (= ret ~error~) {
    (yet "throw an exception")
  } else nop
  (yet "This exception should be a WebAssembly {{RuntimeError}} exception, unless otherwise indicated by <a href=\"#errors\">the WebAssembly error mapping</a>")
  call _call16 = clo<"exception">(exnaddr)
  if (? _call16: Abrupt) {
    return _call16
  } else {
    _call16 = _call16.Value
  }
  if (= ret _call16) {
    call-embed tagaddr = <exn_tag>(store, exnaddr)
    call-embed payload = <exn_read>(store, exnaddr)
    call jsTagAddr = clo<"get_the_javascript_exception_tag">()
    if (= tagaddr jsTagAddr) {
      (yet "throw [=!=] [=ToJSValue=](|payload|[0])")
    } else {
      call exception = clo<"create_an_exception_object">(exnaddr)
      (yet "throw |exception|")
    }
  } else nop
  let outArity = (sizeof ret)
  if (= outArity 0) {
    let _v65 = undefined
    if (exists _v65.Type) {
      return _v65
    } else {
      call _ret80 = clo<"NormalCompletion">(_v65)
      return _ret80
    }
  } else if (= outArity 1) {
    call _comp26 = clo<"tojsvalue">(ret[0])
    if (exists _comp26.Type) {
      assert (= _comp26.Type ~normal~)
      let _v66 = _comp26.Value
      if (exists _v66.Type) {
        return _v66
      } else {
        call _ret81 = clo<"NormalCompletion">(_v66)
        return _ret81
      }
    } else {
      let _v67 = _comp26
      if (exists _v67.Type) {
        return _v67
      } else {
        call _ret82 = clo<"NormalCompletion">(_v67)
        return _ret82
      }
    }
  } else {
    let values = (list [])
    let _iterList17 = ret
    let _iterIdx18 = 0
    while (< _iterIdx18 (sizeof _iterList17)) {
      let r = _iterList17[_iterIdx18]
      call _call17 = clo<"tojsvalue">(r)
      push values < _call17
      _iterIdx18 = (+ _iterIdx18 1)
    }
    call _v68 = clo<"CreateArrayFromList">(values)
    if (exists _v68.Type) {
      return _v68
    } else {
      call _ret83 = clo<"NormalCompletion">(_v68)
      return _ret83
    }
  }
  call _ret84 = clo<"NormalCompletion">(~unused~)
  return _ret84
}
def run_a_host_function(
  func: Unknown,
  functype: Unknown,
  arguments: Unknown,
): Unknown = {
  call-embed _tuple16 = <expand>(functype)
  assert (= (case-tag _tuple16) "->")
  let parameters = (proj _tuple16 0)
  let results = (proj _tuple16 1)
  let _found12 = false
  let _i13 = 0
  while (&& (= _found12 false) (< _i13 (sizeof parameters))) {
    let type = parameters[_i13]
    call-embed _m10 = <match_valtype>(type, ~v128~)
    call-embed _m11 = <match_valtype>(type, ~exnref~)
    if (|| (= _m10 true) (= _m11 true)) {
      _found12 = true
    } else nop
    _i13 = (+ _i13 1)
  }
  let _i14 = 0
  while (&& (= _found12 false) (< _i14 (sizeof results))) {
    let type = results[_i14]
    call-embed _m10 = <match_valtype>(type, ~v128~)
    call-embed _m11 = <match_valtype>(type, ~exnref~)
    if (|| (= _m10 true) (= _m11 true)) {
      _found12 = true
    } else nop
    _i14 = (+ _i14 1)
  }
  if (= _found12 true) {
    call _err69 = clo<"__NEW_ERROR_OBJ__">("%TypeError.prototype%")
    call _ret85 = clo<"ThrowCompletion">(_err69)
    return _ret85
  } else nop
  let jsArguments = (list [])
  let _iterList19 = arguments
  let _iterIdx20 = 0
  while (< _iterIdx20 (sizeof _iterList19)) {
    let arg = _iterList19[_iterIdx20]
    call _call18 = clo<"tojsvalue">(arg)
    push jsArguments < _call18
    _iterIdx20 = (+ _iterIdx20 1)
  }
  call _comp27 = clo<"Call">(func, undefined, jsArguments)
  if (exists _comp27.Type) {
    if (? _comp27: Abrupt) {
      let _v70 = _comp27
      if (exists _v70.Type) {
        return _v70
      } else {
        call _ret86 = clo<"NormalCompletion">(_v70)
        return _ret86
      }
    } else {
      let ret = _comp27.Value
    }
  } else {
    let ret = _comp27
  }
  let resultsSize = (sizeof results)
  if (= resultsSize 0) {
    let _v71 = (list [])
    if (exists _v71.Type) {
      return _v71
    } else {
      call _ret87 = clo<"NormalCompletion">(_v71)
      return _ret87
    }
  } else if (= resultsSize 1) {
    call _call19 = clo<"towebassemblyvalue">(ret, results[0])
    if (? _call19: Abrupt) {
      return _call19
    } else {
      _call19 = _call19.Value
    }
    let _v72 = (list [(yet "nested ?-abrupt: Var(_call19)")])
    if (exists _v72.Type) {
      return _v72
    } else {
      call _ret88 = clo<"NormalCompletion">(_v72)
      return _ret88
    }
  } else {
    call _comp28 = clo<"GetMethod">(ret, @SYMBOL.iterator)
    if (exists _comp28.Type) {
      if (? _comp28: Abrupt) {
        let _v73 = _comp28
        if (exists _v73.Type) {
          return _v73
        } else {
          call _ret89 = clo<"NormalCompletion">(_v73)
          return _ret89
        }
      } else {
        let method = _comp28.Value
      }
    } else {
      let method = _comp28
    }
    if (= method undefined) {
      call _err74 = clo<"__NEW_ERROR_OBJ__">("%TypeError.prototype%")
      call _ret90 = clo<"ThrowCompletion">(_err74)
      return _ret90
    } else nop
    call _call20 = clo<"GetIteratorFromMethod">(ret, method)
    call _comp29 = clo<"IteratorToList">((yet "nested ?-abrupt: Var(_call20)"))
    if (exists _comp29.Type) {
      if (? _comp29: Abrupt) {
        let _v75 = _comp29
        if (exists _v75.Type) {
          return _v75
        } else {
          call _ret91 = clo<"NormalCompletion">(_v75)
          return _ret91
        }
      } else {
        let values = _comp29.Value
      }
    } else {
      let values = _comp29
    }
    let wasmValues = (list [])
    if (! (= (sizeof values) resultsSize)) {
      call _err76 = clo<"__NEW_ERROR_OBJ__">("%TypeError.prototype%")
      call _ret92 = clo<"ThrowCompletion">(_err76)
      return _ret92
    } else nop
    (yet "foreach ?(|value| and |resultType|) in ?(|values| and |results|)")
    call _call21 = clo<"towebassemblyvalue">(value, resultType)
    if (? _call21: Abrupt) {
      return _call21
    } else {
      _call21 = _call21.Value
    }
    push wasmValues < (yet "nested ?-abrupt: Var(_call21)")
    let _v77 = wasmValues
    if (exists _v77.Type) {
      return _v77
    } else {
      call _ret93 = clo<"NormalCompletion">(_v77)
      return _ret93
    }
  }
  call _ret94 = clo<"NormalCompletion">(~unused~)
  return _ret94
}
def create_a_host_function(
  func: Unknown,
  functype: Unknown,
): Unknown = {
  assert (yet "[$IsCallable$](|func|)")
  let stored settings = ~incumbent settings object~
  let hostfunc = clo<"create_a_host_function_closure1", [func, functype]>
  let store = @AGENT_RECORD["associated store"]
  call-embed _tuple18 = <func_alloc>(store, functype, hostfunc)
  let store = (proj _tuple18 0)
  let funcaddr = (proj _tuple18 1)
  @AGENT_RECORD["associated store"] = store
  return funcaddr
}
def tojsvalue(
  w: Unknown,
): Unknown = {
  assert (yet "is of form Case([=v128.const=],List(Var(v128)))")
  assert (yet "is of form Case([=ref.exn=],List(Var(exnaddr)))")
  if (yet "is of form Case([=i64.const=],List(Var(u64)))") {
    call i64 = clo<"signed_64">(u64)
    call _ret95 = clo<"ℤ">(i64)
    return _ret95
  } else nop
  if (yet "is of form Case([=i32.const=],List(Var(u32)))") {
    call i32 = clo<"signed_32">(u32)
    call _ret96 = clo<"𝔽">(i32)
    return _ret96
  } else nop
  if (yet "is of form Case([=f32.const=],List(Var(f32)))") {
    if (|| (= f32 ~+∞~) (= f32 ~−∞~)) {
      return (yet "**+∞**<sub>𝔽</sub> or **-∞**<sub>𝔽</sub>, respectively")
    } else nop
    if (= f32 ~nan~) {
      return ~**NaN**~
    } else nop
    call _ret97 = clo<"𝔽">(f32)
    return _ret97
  } else nop
  if (yet "is of form Case([=f64.const=],List(Var(f64)))") {
    if (|| (= f64 ~+∞~) (= f64 ~−∞~)) {
      return (yet "**+∞**<sub>𝔽</sub> or **-∞**<sub>𝔽</sub>, respectively")
    } else nop
    if (= f64 ~nan~) {
      return ~**NaN**~
    } else nop
    call _ret98 = clo<"𝔽">(f64)
    return _ret98
  } else nop
  if (yet "is of form Case([=ref.null=],List(Var(t)))") {
    return null
  } else nop
  if (yet "is of form Case([=ref.i31=],List(Var(u31)))") {
    call i31 = clo<"signed_31">(u31)
    call _ret99 = clo<"𝔽">(i31)
    return _ret99
  } else nop
  if (yet "is of form Case([=ref.struct=],List(Var(structaddr)))") {
    call _ret100 = clo<"a_new_exported_gc_object">(structaddr, "struct")
    return _ret100
  } else nop
  if (yet "is of form Case([=ref.array=],List(Var(arrayaddr)))") {
    call _ret101 = clo<"a_new_exported_gc_object">(arrayaddr, "array")
    return _ret101
  } else nop
  if (yet "is of form Case([=ref.func=],List(Var(funcaddr)))") {
    call _ret102 = clo<"a_new_exported_function">(funcaddr)
    return _ret102
  } else nop
  if (yet "is of form Case([=ref.host=],List(Var(hostaddr)))") {
    call _ret103 = clo<"retrieving_a_host_value">(hostaddr)
    return _ret103
  } else nop
  if (yet "is of form Case([=ref.extern=],List(Var(ref)))") {
    call _ret104 = clo<"tojsvalue">(ref)
    return _ret104
  } else nop
  return ~unused~
}
def retrieving_a_host_value(
  hostaddr: Unknown,
): Unknown = {
  let map = @AGENT_RECORD["host value cache"]
  assert (exists map[hostaddr])
  return map[hostaddr]
}
def towebassemblyvalue(
  v: Unknown,
  type: Unknown,
): Unknown = {
  assert (! (= type ~v128~))
  call-embed _m15 = <match_valtype>(type, ~exnref~)
  assert (! (= _m15 true))
  if (= type ~i64~) {
    call _comp31 = clo<"ToBigInt64">(v)
    if (exists _comp31.Type) {
      if (? _comp31: Abrupt) {
        let _v78 = _comp31
        if (exists _v78.Type) {
          return _v78
        } else {
          call _ret105 = clo<"NormalCompletion">(_v78)
          return _ret105
        }
      } else {
        let i64 = _comp31.Value
      }
    } else {
      let i64 = _comp31
    }
    let u64 = (yet "unsigned integer such that |i64| is [=signed_64=](|u64|)")
    let _v79 = (case "I64.CONST" u64)
    if (exists _v79.Type) {
      return _v79
    } else {
      call _ret106 = clo<"NormalCompletion">(_v79)
      return _ret106
    }
  } else nop
  if (= type ~i32~) {
    call _comp32 = clo<"ToInt32">(v)
    if (exists _comp32.Type) {
      if (? _comp32: Abrupt) {
        let _v80 = _comp32
        if (exists _v80.Type) {
          return _v80
        } else {
          call _ret107 = clo<"NormalCompletion">(_v80)
          return _ret107
        }
      } else {
        let i32 = _comp32.Value
      }
    } else {
      let i32 = _comp32
    }
    let u32 = (yet "unsigned integer such that |i32| is [=signed_32=](|u32|)")
    let _v81 = (case "I32.CONST" u32)
    if (exists _v81.Type) {
      return _v81
    } else {
      call _ret108 = clo<"NormalCompletion">(_v81)
      return _ret108
    }
  } else nop
  if (= type ~f32~) {
    call _comp33 = clo<"ToNumber">(v)
    if (exists _comp33.Type) {
      if (? _comp33: Abrupt) {
        let _v82 = _comp33
        if (exists _v82.Type) {
          return _v82
        } else {
          call _ret109 = clo<"NormalCompletion">(_v82)
          return _ret109
        }
      } else {
        let number = _comp33.Value
      }
    } else {
      let number = _comp33
    }
    if (= number ~**NaN**~) {
      let n = (yet "implementation-defined integer such that [=canon=]<sub>32</sub> &leq; |n| &lt; 2<sup>[=signif=](32)</sup>")
      call f32 = clo<"nan">((yet "n"))
    } else {
      let f32 = (yet "|number| rounded to the nearest representable value using IEEE 754-2019 round to nearest, ties to even mode")
      (yet "[[IEEE-754]]")
    }
    let _v83 = (case "F32.CONST" f32)
    if (exists _v83.Type) {
      return _v83
    } else {
      call _ret110 = clo<"NormalCompletion">(_v83)
      return _ret110
    }
  } else nop
  if (= type ~f64~) {
    call _comp34 = clo<"ToNumber">(v)
    if (exists _comp34.Type) {
      if (? _comp34: Abrupt) {
        let _v84 = _comp34
        if (exists _v84.Type) {
          return _v84
        } else {
          call _ret111 = clo<"NormalCompletion">(_v84)
          return _ret111
        }
      } else {
        let number = _comp34.Value
      }
    } else {
      let number = _comp34
    }
    if (= number ~**NaN**~) {
      let n = (yet "implementation-defined integer such that [=canon=]<sub>64</sub> &leq; |n| &lt; 2<sup>[=signif=](64)</sup>")
      call f64 = clo<"nan">((yet "n"))
    } else {
      let f64 = number
    }
    let _v85 = (case "F64.CONST" f64)
    if (exists _v85.Type) {
      return _v85
    } else {
      call _ret112 = clo<"NormalCompletion">(_v85)
      return _ret112
    }
  } else nop
  if (yet "is of form Case([=ref=],List(Var(null), Var(heaptype)))") {
    if (= v null) {
      let r = (case "REF.NULL" heaptype)
    } else if (yet "[=match_valtype=](|type|, [=ref=] |null| [=heap-type/extern=])") {
      call _comp35 = clo<"towebassemblyvalue">(v, (case "REF" ~heap-type/any~))
      if (exists _comp35.Type) {
        assert (= _comp35.Type ~normal~)
        let ref = _comp35.Value
      } else {
        let ref = _comp35
      }
      let r = (case "REF.EXTERN" ref)
    } else if (&& (= v (yet "an [=Exported Function=]")) (= v (yet "call [=match_valtype=]"))) {
      let funcaddr = v.FunctionAddress
      let r = (case "REF.FUNC" funcaddr)
    } else if (&& (? v: Number) (&& (= v (yet "nested ?-abrupt: JSCall(ToInt32,List(Var(v)))")) (&& (< (yet "call [=ℝ=]") (** 2 30)) (! (< (yet "call [=ℝ=]") (- (** 2 30))))))) {
      call _comp36 = clo<"ToInt32">(v)
      if (exists _comp36.Type) {
        if (? _comp36: Abrupt) {
          let _v86 = _comp36
          if (exists _v86.Type) {
            return _v86
          } else {
            call _ret113 = clo<"NormalCompletion">(_v86)
            return _ret113
          }
        } else {
          let i31 = _comp36.Value
        }
      } else {
        let i31 = _comp36
      }
      let u31 = (yet "unsigned integer such that |i31| is [=signed_31=](|u31|)")
      let r = (case "REF.I31" u31)
    } else if (= v (yet "an [=Exported GC Object=]")) {
      let objectaddr = v.ObjectAddress
      let objectkind = v.ObjectKind
      if (= objectkind "array") {
        let r = (case "REF.ARRAY" objectaddr)
      } else if (= objectkind "struct") {
        let r = (case "REF.STRUCT" objectaddr)
      } else nop
    } else {
      let map = @AGENT_RECORD["host value cache"]
      if (= @@yet: unresolved ref: SuchThat([=host address=] |hostaddr| exists,|map|)[hostaddr] (yet "the same as |v|")) {
        let _v87 = (case "REF.HOST" hostaddr)
        if (exists _v87.Type) {
          return _v87
        } else {
          call _ret114 = clo<"NormalCompletion">(_v87)
          return _ret114
        }
      } else nop
      let _ = (yet "unsupported Let lhs: AlgoCall([=host_address=],List(Var(hostaddr)))")
      map[hostaddr] = v
      let r = (case "REF.HOST" hostaddr)
    }
    let store = @AGENT_RECORD["associated store"]
    call-embed actualtype = <ref_type>(store, r)
    call-embed _call22 = <match_valtype>(actualtype, type)
    if (= _call22 false) {
      call _err88 = clo<"__NEW_ERROR_OBJ__">("%TypeError.prototype%")
      call _ret115 = clo<"ThrowCompletion">(_err88)
      return _ret115
    } else nop
    let _v89 = r
    if (exists _v89.Type) {
      return _v89
    } else {
      call _ret116 = clo<"NormalCompletion">(_v89)
      return _ret116
    }
  } else nop
  assert false
  call _ret117 = clo<"NormalCompletion">(~unused~)
  return _ret117
}
def addressvaluetou64(
  v: Unknown,
  addrtype: Unknown,
): Unknown = {
  if (= addrtype "i32") {
    let _comp37 = (yet "[$ConvertToInt$](|v|, 32, \"unsigned\"), where the destination type is associated with [=[EnforceRange]=]")
    if (exists _comp37.Type) {
      if (? _comp37: Abrupt) {
        let _v90 = _comp37
        if (exists _v90.Type) {
          return _v90
        } else {
          call _ret118 = clo<"NormalCompletion">(_v90)
          return _ret118
        }
      } else {
        let n = _comp37.Value
      }
    } else {
      let n = _comp37
    }
    let _v91 = (yet "[=ℝ=](|n|) as a WebAssembly [=u64=]")
    if (exists _v91.Type) {
      return _v91
    } else {
      call _ret119 = clo<"NormalCompletion">(_v91)
      return _ret119
    }
  } else nop
  if (= addrtype "i64") {
    call _comp38 = clo<"ToBigInt">(v)
    if (exists _comp38.Type) {
      if (? _comp38: Abrupt) {
        let _v92 = _comp38
        if (exists _v92.Type) {
          return _v92
        } else {
          call _ret120 = clo<"NormalCompletion">(_v92)
          return _ret120
        }
      } else {
        let n = _comp38.Value
      }
    } else {
      let n = _comp38
    }
    if (|| (< n 0) (< (- (** 2 64) 1) n)) {
      call _err93 = clo<"__NEW_ERROR_OBJ__">("%TypeError.prototype%")
      call _ret121 = clo<"ThrowCompletion">(_err93)
      return _ret121
    } else nop
    let _v94 = (yet "[=ℝ=](|n|) as a WebAssembly [=u64=]")
    if (exists _v94.Type) {
      return _v94
    } else {
      call _ret122 = clo<"NormalCompletion">(_v94)
      return _ret122
    }
  } else nop
  assert false
  call _ret123 = clo<"NormalCompletion">(~unused~)
  return _ret123
}
def u64toaddressvalue(
  v: Unknown,
  addrtype: Unknown,
): Unknown = {
  if (= addrtype "i32") {
    call _ret124 = clo<"𝔽">(v)
    return _ret124
  } else if (= addrtype "i64") {
    call _ret125 = clo<"ℤ">(v)
    return _ret125
  } else nop
  assert false
  return ~unused~
}
def initialize_a_tag_object(
  tag: Unknown,
  tagAddress: Unknown,
): Unknown = {
  let map = @AGENT_RECORD["Tag object cache"]
  assert (! (exists map[tagAddress]))
  tag.Address = tagAddress
  map[tagAddress] = tag
  return ~unused~
}
def create_a_tag_object(
  tagAddress: Unknown,
): Unknown = {
  let map = @AGENT_RECORD["Tag object cache"]
  if (exists map[tagAddress]) {
    return map[tagAddress]
  } else nop
  let tag = (record [Tag])
  call _ = clo<"initialize_a_tag_object">(tag, tagAddress)
  return tag
}
def tag(
  type: Unknown,
): Unknown = {
  let parameters = type.parameters
  let wasmParameters = (list [])
  let _iterList21 = parameters
  let _iterIdx22 = 0
  while (< _iterIdx22 (sizeof _iterList21)) {
    let paramType = _iterList21[_iterIdx22]
    call _call23 = clo<"tovaluetype">(paramType)
    push wasmParameters < _call23
    _iterIdx22 = (+ _iterIdx22 1)
  }
  let store = @AGENT_RECORD["associated store"]
  call-embed _tuple19 = <tag_alloc>(store, (yet "|wasmParameters| → « »"))
  let store = (proj _tuple19 0)
  let tagAddress = (proj _tuple19 1)
  @AGENT_RECORD["associated store"] = store
  call _ = clo<"initialize_a_tag_object">(@this, tagAddress)
  return ~unused~
}
def \[[getprototypeof]]_internal_method_of_an_exported_gc_object(
): Unknown = {
  return null
}
def \[[setprototypeof]]_internal_method_of_an_exported_gc_object(
): Unknown = {
  return false
}
def \[[isextensible]]_internal_method_of_an_exported_gc_object(
): Unknown = {
  return false
}
def \[[preventextensions]]_internal_method_of_an_exported_gc_object(
): Unknown = {
  return false
}
def \[[getownproperty]]_internal_method_of_an_exported_gc_object(
): Unknown = {
  return undefined
}
def \[[defineownproperty]]_internal_method_of_an_exported_gc_object(
): Unknown = {
  return false
}
def \[[hasproperty]]_internal_method_of_an_exported_gc_object(
): Unknown = {
  return false
}
def \[[get]]_internal_method_of_an_exported_gc_object(
): Unknown = {
  return undefined
}
def \[[set]]_internal_method_of_an_exported_gc_object(
): Unknown = {
  call _err95 = clo<"__NEW_ERROR_OBJ__">("%TypeError.prototype%")
  call _ret126 = clo<"ThrowCompletion">(_err95)
  return _ret126
  call _ret127 = clo<"NormalCompletion">(~unused~)
  return _ret127
}
def \[[delete]]_internal_method_of_an_exported_gc_object(
): Unknown = {
  call _err96 = clo<"__NEW_ERROR_OBJ__">("%TypeError.prototype%")
  call _ret128 = clo<"ThrowCompletion">(_err96)
  return _ret128
  call _ret129 = clo<"NormalCompletion">(~unused~)
  return _ret129
}
def \[[ownpropertykeys]]_internal_method_of_an_exported_gc_object(
): Unknown = {
  let keys = (list [])
  return keys
}
def a_new_exported_gc_object(
  objectaddr: Unknown,
  objectkind: Unknown,
): Unknown = {
  assert (|| (= objectkind "array") (= objectkind "struct"))
  let map = @AGENT_RECORD["exported GC object cache"]
  if (exists map[objectaddr]) {
    return map[objectaddr]
  } else nop
  call object = clo<"makebasicobject">((list [(yet "\\[[ObjectAddress]]"), (yet "\\[[ObjectKind]]")]))
  object.ObjectAddress = objectaddr
  object.ObjectKind = objectkind
  object.GetPrototypeOf = (yet "[=[[GetPrototypeOf]] internal method of an Exported GC Object=]")
  object.SetPrototypeOf = (yet "[=[[SetPrototypeOf]] internal method of an Exported GC Object=]")
  object.IsExtensible = (yet "[=[[IsExtensible]] internal method of an Exported GC Object=]")
  object.PreventExtensions = (yet "[=[[PreventExtensions]] internal method of an Exported GC Object=]")
  object.GetOwnProperty = (yet "[=[[GetOwnProperty]] internal method of an Exported GC Object=]")
  object.DefineOwnProperty = (yet "[=[[DefineOwnProperty]] internal method of an Exported GC Object=]")
  object.HasProperty = (yet "[=[[HasProperty]] internal method of an Exported GC Object=]")
  object.Get = (yet "[=[[Get]] internal method of an Exported GC Object=]")
  object.Set = (yet "[=[[Set]] internal method of an Exported GC Object=]")
  object.Delete = (yet "[=[[Delete]] internal method of an Exported GC Object=]")
  object.OwnPropertyKeys = (yet "[=[[OwnPropertyKeys]] internal method of an Exported GC Object=]")
  map[objectaddr] = object
  return object
}
def initialize_an_exception_object(
  exn: Unknown,
  exnAddress: Unknown,
): Unknown = {
  let map = @AGENT_RECORD["Exception object cache"]
  assert (! (exists map[exnAddress]))
  exn.Address = exnAddress
  map[exnAddress] = exn
  let store = @AGENT_RECORD["associated store"]
  call-embed tagaddr = <exn_tag>(store, exnAddress)
  call-embed payload = <exn_read>(store, exnAddress)
  exn.Type = tagaddr
  exn.Payload = payload
  exn.Stack = undefined
  return ~unused~
}
def create_an_exception_object(
  exnAddress: Unknown,
): Unknown = {
  let map = @AGENT_RECORD["Exception object cache"]
  if (exists map[exnAddress]) {
    return map[exnAddress]
  } else nop
  let exn = (record [Exception])
  call _ = clo<"initialize_an_exception_object">(exn, exnAddress)
  return exn
}
def exception(
  exceptionTag: Unknown,
  payload: Unknown,
  options: Unknown,
): Unknown = {
  call JSTagAddr = clo<"get_the_javascript_exception_tag">()
  if (= exceptionTag.Address JSTagAddr) {
    call _err97 = clo<"__NEW_ERROR_OBJ__">("%TypeError.prototype%")
    call _ret130 = clo<"ThrowCompletion">(_err97)
    return _ret130
  } else nop
  let store = @AGENT_RECORD["associated store"]
  let _ = (yet "unsupported Let lhs: Unknown([|types|] → [])")
  if (! (= (sizeof types) (sizeof payload))) {
    call _err98 = clo<"__NEW_ERROR_OBJ__">("%TypeError.prototype%")
    call _ret131 = clo<"ThrowCompletion">(_err98)
    return _ret131
  } else nop
  let wasmPayload = (list [])
  (yet "foreach ?(|value| and |resultType|) in ?(|payload| and |types|)")
  call-embed _m16 = <match_valtype>(resultType, ~v128~)
  call-embed _m17 = <match_valtype>(resultType, ~exnref~)
  if (|| (= _m16 true) (= _m17 true)) {
    call _err99 = clo<"__NEW_ERROR_OBJ__">("%TypeError.prototype%")
    call _ret132 = clo<"ThrowCompletion">(_err99)
    return _ret132
  } else nop
  call _call24 = clo<"towebassemblyvalue">(value, resultType)
  if (? _call24: Abrupt) {
    return _call24
  } else {
    _call24 = _call24.Value
  }
  push wasmPayload < (yet "nested ?-abrupt: Var(_call24)")
  call-embed _tuple20 = <exn_alloc>(store, exceptionTag.Address, wasmPayload)
  let store = (proj _tuple20 0)
  let exceptionAddr = (proj _tuple20 1)
  @AGENT_RECORD["associated store"] = store
  call _ = clo<"initialize_an_exception_object">(@this, exceptionAddr)
  if (= options.traceStack true) {
    @this.Stack = (yet "a {{DOMString}} representation of the current call stack or undefined")
  } else nop
  call _ret133 = clo<"NormalCompletion">(~unused~)
  return _ret133
}
def getarg(
  exceptionTag: Unknown,
  index: Unknown,
): Unknown = {
  let store = @AGENT_RECORD["associated store"]
  if (! (= @this.Type exceptionTag.Address)) {
    call _err100 = clo<"__NEW_ERROR_OBJ__">("%TypeError.prototype%")
    call _ret134 = clo<"ThrowCompletion">(_err100)
    return _ret134
  } else nop
  call-embed tagaddr = <exn_tag>(store, @this.Address)
  call-embed payload = <exn_read>(store, @this.Address)
  assert (= tagaddr @this.Type)
  if (! (< index (sizeof payload))) {
    call _err101 = clo<"__NEW_ERROR_OBJ__">("%RangeError.prototype%")
    call _ret135 = clo<"ThrowCompletion">(_err101)
    return _ret135
  } else nop
  let _ = (yet "unsupported Let lhs: Unknown([|types|] → [])")
  call-embed _m18 = <match_valtype>(types[index], ~v128~)
  call-embed _m19 = <match_valtype>(types[index], ~exnref~)
  if (|| (= _m18 true) (= _m19 true)) {
    call _err102 = clo<"__NEW_ERROR_OBJ__">("%TypeError.prototype%")
    call _ret136 = clo<"ThrowCompletion">(_err102)
    return _ret136
  } else nop
  call _comp39 = clo<"tojsvalue">(payload[index])
  if (exists _comp39.Type) {
    assert (= _comp39.Type ~normal~)
    let _v103 = _comp39.Value
    if (exists _v103.Type) {
      return _v103
    } else {
      call _ret137 = clo<"NormalCompletion">(_v103)
      return _ret137
    }
  } else {
    let _v104 = _comp39
    if (exists _v104.Type) {
      return _v104
    } else {
      call _ret138 = clo<"NormalCompletion">(_v104)
      return _ret138
    }
  }
  call _ret139 = clo<"NormalCompletion">(~unused~)
  return _ret139
}
def is(
  exceptionTag: Unknown,
): Unknown = {
  if (! (= @this.Type exceptionTag.Address)) {
    return false
  } else nop
  return true
}
def stack(
): Unknown = {
  return @this.Stack
}
def get_the_javascript_exception_tag(
): Unknown = {
  if (yet "the [=surrounding agent=]'s associated [=JavaScript exception tag=] has been initialized") {
    return @AGENT_RECORD["JavaScript exception tag"]
  } else nop
  let store = @AGENT_RECORD["associated store"]
  call-embed _tuple21 = <tag_alloc>(store, (list [~externref~]))
  let store = (proj _tuple21 0)
  let tagAddress = (proj _tuple21 1)
  @AGENT_RECORD["associated store"] = store
  @AGENT_RECORD["JavaScript exception tag"] = tagAddress
  return tagAddress
}
def create the webassembly namespace object(
): Unknown = {
  let namespaceObject = ~namespace object~
  let _iterList23 = (list ["CompileError", "LinkError", "RuntimeError"])
  let _iterIdx24 = 0
  while (< _iterIdx24 (sizeof _iterList23)) {
    let error = _iterList23[_iterIdx24]
    let constructor = (yet "a new object, implementing the [=NativeError Object Structure=], with <var ignore>NativeError</var> set to |error|")
    call _ = clo<"DefineMethodProperty">(namespaceObject, error, constructor, false)
    _iterIdx24 = (+ _iterIdx24 1)
  }
  return ~unused~
}
def get_the_builtins_for_a_builtin_set(
  builtinSetName: Unknown,
): Unknown = {
  return (yet "a list of (|name|, |funcType|, |steps|) for the set with name |builtinSetName| defined within this section")
}
def find_a_builtin(
  import: Unknown,
  builtinSetNames: Unknown,
): Unknown = {
  call _call25 = clo<"validate_builtin_set_names">(builtinSetNames)
  assert (= _call25 true)
  let importModuleName = import[0]
  let importName = import[1]
  let _iterList25 = builtinSetNames
  let _iterIdx26 = 0
  while (< _iterIdx26 (sizeof _iterList25)) {
    let builtinSetName = _iterList25[_iterIdx26]
    if (yet "|builtinSetName| does not refer to a builtin set") {
      (yet "continue")
    } else nop
    let builtinSetQualifiedName = (yet "|builtinSetName| prefixed with \"wasm:\"")
    if (= importModuleName builtinSetQualifiedName) {
      call builtins = clo<"get_the_builtins_for_a_builtin_set">(builtinSetName)
      let _iterList27 = builtins
      let _iterIdx28 = 0
      while (< _iterIdx28 (sizeof _iterList27)) {
        let builtin = _iterList27[_iterIdx28]
        let builtinName = builtin[0]
        if (= importName builtinName) {
          return (yet "tuple(Var(builtinSetName)Var(builtin))")
        } else nop
        _iterIdx28 = (+ _iterIdx28 1)
      }
    } else nop
    _iterIdx26 = (+ _iterIdx26 1)
  }
  return null
}
def validate_builtin_set_names(
  builtinSetNames: Unknown,
): Unknown = {
  let _dupList1 = builtinSetNames
  let _dupFound2 = false
  let _dupI3 = 1
  while (< _dupI3 (sizeof _dupList1)) {
    let _dupJ4 = 0
    while (< _dupJ4 _dupI3) {
      if (= _dupList1[_dupI3] _dupList1[_dupJ4]) {
        _dupFound2 = true
      } else nop
      _dupJ4 = (+ _dupJ4 1)
    }
    _dupI3 = (+ _dupI3 1)
  }
  if (= _dupFound2 true) {
    return false
  } else nop
  return true
}
def create_a_builtin_function(
  funcType: Unknown,
  steps: Unknown,
): Unknown = {
  let hostfunc = (yet "[=host function=] which executes |steps| when called")
  let store = @AGENT_RECORD["associated store"]
  call-embed _tuple22 = <func_alloc>(store, funcType, hostfunc)
  let store = (proj _tuple22 0)
  let funcaddr = (proj _tuple22 1)
  @AGENT_RECORD["associated store"] = store
  return funcaddr
}
def instantiate_a_builtin_set(
  builtinSetName: Unknown,
): Unknown = {
  call builtins = clo<"get_the_builtins_for_a_builtin_set">(builtinSetName)
  call _comp40 = clo<"OrdinaryObjectCreate">(null)
  if (exists _comp40.Type) {
    assert (= _comp40.Type ~normal~)
    let exportsObject = _comp40.Value
  } else {
    let exportsObject = _comp40
  }
  let _iterList29 = builtins
  let _iterIdx30 = 0
  while (< _iterIdx30 (sizeof _iterList29)) {
    let _tuple23 = _iterList29[_iterIdx30]
    let name = (proj _tuple23 0)
    let funcType = (proj _tuple23 1)
    let steps = (proj _tuple23 2)
    call funcaddr = clo<"create_a_builtin_function">(funcType, steps)
    call func = clo<"a_new_exported_function">(funcaddr)
    let value = func
    call _comp41 = clo<"CreateDataProperty">(exportsObject, name, value)
    if (exists _comp41.Type) {
      assert (= _comp41.Type ~normal~)
      let status = _comp41.Value
    } else {
      let status = _comp41
    }
    assert (= status true)
    _iterIdx30 = (+ _iterIdx30 1)
  }
  return exportsObject
}
def validate_an_import_for_builtins(
  import: Unknown,
  builtinSetNames: Unknown,
): Unknown = {
  call _call26 = clo<"validate_builtin_set_names">(builtinSetNames)
  assert (= _call26 true)
  call maybeBuiltin = clo<"find_a_builtin">(import, builtinSetNames)
  if (= maybeBuiltin null) {
    return true
  } else nop
  let importExternType = import[2]
  let builtinFuncType = maybeBuiltin[1][1]
  let builtinExternType = (yet "func |builtinFuncType|")
  call-embed _ret140 = <match_externtype>(builtinExternType, importExternType)
  return _ret140
}
def unwrapstring(
  v: Unknown,
): Unknown = {
  if (! (? v: String)) {
    (yet "throw a {{RuntimeError}} exception as if a [=trap=] was executed")
  } else nop
  let _v105 = v
  if (exists _v105.Type) {
    return _v105
  } else {
    call _ret141 = clo<"NormalCompletion">(_v105)
    return _ret141
  }
  return ~unused~
}
def fromcharcode(
  v: Unknown,
): Unknown = {
  assert (= v (yet "of type [=i32=]"))
  call _call27 = clo<"tojsvalue">(v)
  call _comp42 = clo<"Call">(~String.fromCharCode~, undefined, (list [_call27]))
  if (exists _comp42.Type) {
    assert (= _comp42.Type ~normal~)
    return _comp42.Value
  } else {
    return _comp42
  }
  return ~unused~
}
def charcodeat(
  string: Unknown,
  index: Unknown,
): Unknown = {
  assert (= index (yet "of type [=i32=]"))
  call _call28 = clo<"tojsvalue">(index)
  call _comp43 = clo<"Call">(~String.prototype.charCodeAt~, string, (list [_call28]))
  if (exists _comp43.Type) {
    assert (= _comp43.Type ~normal~)
    return _comp43.Value
  } else {
    return _comp43
  }
  return ~unused~
}
def js-string-cast(
  v: Unknown,
): Unknown = {
  call _comp44 = clo<"unwrapstring">(v)
  if (exists _comp44.Type) {
    if (? _comp44: Abrupt) {
      return _comp44
    } else {
      return _comp44.Value
    }
  } else {
    return _comp44
  }
  return ~unused~
}
def js-string-test(
  v: Unknown,
): Unknown = {
  if (! (? v: String)) {
    return 0
  } else nop
  return 1
}
def js-string-fromcharcodearray(
  array: Unknown,
  start: Unknown,
  end: Unknown,
): Unknown = {
  if (= array null) {
    (yet "throw a {{RuntimeError}} exception as if a [=trap=] was executed")
  } else nop
  let length = (sizeof array)
  if (|| (< end start) (< length end)) {
    (yet "throw a {{RuntimeError}} exception as if a [=trap=] was executed")
  } else nop
  let result = ""
  let i = start
  while (< i end) {
    let charCode = array[i]
    call charCodeString = clo<"fromcharcode">(charCode)
    let result = (yet "the concatenation of |result| and |charCodeString|")
    i = (+ i 1)
  }
  let _v106 = result
  if (exists _v106.Type) {
    return _v106
  } else {
    call _ret142 = clo<"NormalCompletion">(_v106)
    return _ret142
  }
  return ~unused~
}
def js-string-intocharcodearray(
  string: Unknown,
  array: Unknown,
  start: Unknown,
): Unknown = {
  if (= array null) {
    (yet "throw a {{RuntimeError}} exception as if a [=trap=] was executed")
  } else nop
  call _comp45 = clo<"unwrapstring">(string)
  if (exists _comp45.Type) {
    if (? _comp45: Abrupt) {
      let _v107 = _comp45
      if (exists _v107.Type) {
        return _v107
      } else {
        call _ret143 = clo<"NormalCompletion">(_v107)
        return _ret143
      }
    } else {
      let string = _comp45.Value
    }
  } else {
    let string = _comp45
  }
  let stringLength = (sizeof string)
  let arrayLength = (sizeof array)
  if (< arrayLength (+ start stringLength)) {
    (yet "throw a {{RuntimeError}} exception as if a [=trap=] was executed")
  } else nop
  let i = 0
  while (< i stringLength) {
    call charCode = clo<"charcodeat">(string, i)
    call _call29 = clo<"towebassemblyvalue">(charCode, ~i32~)
    if (? _call29: Abrupt) {
      return _call29
    } else {
      _call29 = _call29.Value
    }
    @@yet: unresolved ref: BinOp(Unknown(the element at index |start|),Add,Unknown(|i| in |array|)) = _call29
    i = (+ i 1)
  }
  let _v108 = stringLength
  if (exists _v108.Type) {
    return _v108
  } else {
    call _ret144 = clo<"NormalCompletion">(_v108)
    return _ret144
  }
  return ~unused~
}
def js-string-fromcharcode(
  v: Unknown,
): Unknown = {
  call _ret145 = clo<"fromcharcode">(v)
  return _ret145
}
def js-string-fromcodepoint(
  v: Unknown,
): Unknown = {
  if (< 1114111 v) {
    (yet "throw a {{RuntimeError}} exception as if a [=trap=] was executed")
  } else nop
  call _call30 = clo<"tojsvalue">(v)
  call _comp46 = clo<"Call">(~String.fromCodePoint~, undefined, (list [_call30]))
  if (exists _comp46.Type) {
    assert (= _comp46.Type ~normal~)
    let _v109 = _comp46.Value
    if (exists _v109.Type) {
      return _v109
    } else {
      call _ret146 = clo<"NormalCompletion">(_v109)
      return _ret146
    }
  } else {
    let _v110 = _comp46
    if (exists _v110.Type) {
      return _v110
    } else {
      call _ret147 = clo<"NormalCompletion">(_v110)
      return _ret147
    }
  }
  call _ret148 = clo<"NormalCompletion">(~unused~)
  return _ret148
}
def js-string-charcodeat(
  string: Unknown,
  index: Unknown,
): Unknown = {
  call _comp47 = clo<"unwrapstring">(string)
  if (exists _comp47.Type) {
    if (? _comp47: Abrupt) {
      let _v111 = _comp47
      if (exists _v111.Type) {
        return _v111
      } else {
        call _ret149 = clo<"NormalCompletion">(_v111)
        return _ret149
      }
    } else {
      let string = _comp47.Value
    }
  } else {
    let string = _comp47
  }
  let length = (sizeof string)
  if (! (< index length)) {
    (yet "throw a {{RuntimeError}} exception as if a [=trap=] was executed")
  } else nop
  call _v112 = clo<"charcodeat">(string, index)
  if (exists _v112.Type) {
    return _v112
  } else {
    call _ret150 = clo<"NormalCompletion">(_v112)
    return _ret150
  }
  return ~unused~
}
def js-string-codepointat(
  string: Unknown,
  index: Unknown,
): Unknown = {
  call _comp48 = clo<"unwrapstring">(string)
  if (exists _comp48.Type) {
    if (? _comp48: Abrupt) {
      let _v113 = _comp48
      if (exists _v113.Type) {
        return _v113
      } else {
        call _ret151 = clo<"NormalCompletion">(_v113)
        return _ret151
      }
    } else {
      let string = _comp48.Value
    }
  } else {
    let string = _comp48
  }
  let length = (sizeof string)
  if (! (< index length)) {
    (yet "throw a {{RuntimeError}} exception as if a [=trap=] was executed")
  } else nop
  call _call31 = clo<"tojsvalue">(index)
  call _comp49 = clo<"Call">(~String.prototype.codePointAt~, string, (list [_call31]))
  if (exists _comp49.Type) {
    assert (= _comp49.Type ~normal~)
    let _v114 = _comp49.Value
    if (exists _v114.Type) {
      return _v114
    } else {
      call _ret152 = clo<"NormalCompletion">(_v114)
      return _ret152
    }
  } else {
    let _v115 = _comp49
    if (exists _v115.Type) {
      return _v115
    } else {
      call _ret153 = clo<"NormalCompletion">(_v115)
      return _ret153
    }
  }
  call _ret154 = clo<"NormalCompletion">(~unused~)
  return _ret154
}
def js-string-length(
  v: Unknown,
): Unknown = {
  call _comp50 = clo<"unwrapstring">(v)
  if (exists _comp50.Type) {
    if (? _comp50: Abrupt) {
      return _comp50
    } else {
      let string = _comp50.Value
    }
  } else {
    let string = _comp50
  }
  return (sizeof string)
}
def js-string-concat(
  first: Unknown,
  second: Unknown,
): Unknown = {
  call _comp51 = clo<"unwrapstring">(first)
  if (exists _comp51.Type) {
    if (? _comp51: Abrupt) {
      return _comp51
    } else {
      let first = _comp51.Value
    }
  } else {
    let first = _comp51
  }
  call _comp52 = clo<"unwrapstring">(second)
  if (exists _comp52.Type) {
    if (? _comp52: Abrupt) {
      return _comp52
    } else {
      let second = _comp52.Value
    }
  } else {
    let second = _comp52
  }
  call _comp53 = clo<"Call">(~String.prototype.concat~, first, (list [second]))
  if (exists _comp53.Type) {
    assert (= _comp53.Type ~normal~)
    return _comp53.Value
  } else {
    return _comp53
  }
  return ~unused~
}
def js-string-substring(
  string: Unknown,
  start: Unknown,
  end: Unknown,
): Unknown = {
  call _comp54 = clo<"unwrapstring">(string)
  if (exists _comp54.Type) {
    if (? _comp54: Abrupt) {
      return _comp54
    } else {
      let string = _comp54.Value
    }
  } else {
    let string = _comp54
  }
  let length = (sizeof string)
  if (|| (< end start) (< length start)) {
    return ""
  } else nop
  call _call32 = clo<"tojsvalue">(start)
  call _call33 = clo<"tojsvalue">(end)
  call _comp55 = clo<"Call">(~String.prototype.substring~, string, (list [_call32, _call33]))
  if (exists _comp55.Type) {
    assert (= _comp55.Type ~normal~)
    return _comp55.Value
  } else {
    return _comp55
  }
  return ~unused~
}
def js-string-equals(
  first: Unknown,
  second: Unknown,
): Unknown = {
  if (&& (! (= first null)) (! (? first: String))) {
    (yet "throw a {{RuntimeError}} exception as if a [=trap=] was executed")
  } else nop
  if (&& (! (= second null)) (! (? second: String))) {
    (yet "throw a {{RuntimeError}} exception as if a [=trap=] was executed")
  } else nop
  call _call34 = clo<"isstrictlyequal">(first, second)
  if (= _call34 true) {
    let _v116 = 1
    if (exists _v116.Type) {
      return _v116
    } else {
      call _ret155 = clo<"NormalCompletion">(_v116)
      return _ret155
    }
  } else nop
  let _v117 = 0
  if (exists _v117.Type) {
    return _v117
  } else {
    call _ret156 = clo<"NormalCompletion">(_v117)
    return _ret156
  }
  return ~unused~
}
def js-string-compare(
  first: Unknown,
  second: Unknown,
): Unknown = {
  call _comp56 = clo<"unwrapstring">(first)
  if (exists _comp56.Type) {
    if (? _comp56: Abrupt) {
      return _comp56
    } else {
      let first = _comp56.Value
    }
  } else {
    let first = _comp56
  }
  call _comp57 = clo<"unwrapstring">(second)
  if (exists _comp57.Type) {
    if (? _comp57: Abrupt) {
      return _comp57
    } else {
      let second = _comp57.Value
    }
  } else {
    let second = _comp57
  }
  call _call35 = clo<"isstrictlyequal">(first, second)
  if (= _call35 true) {
    return 0
  } else nop
  call _call36 = clo<"islessthan">(first, second, true)
  if (= _call36 true) {
    return (- 1)
  } else nop
  return 1
}
def a_new_promise(
  T: Unknown,
  realm: Unknown,
): Unknown = {
  let constructor = realm.Intrinsics["%Promise%"]
  call _comp58 = clo<"NewPromiseCapability">(constructor)
  if (exists _comp58.Type) {
    if (? _comp58: Abrupt) {
      return _comp58
    } else {
      return _comp58.Value
    }
  } else {
    return _comp58
  }
  return ~unused~
}
def resolve(
  T: Unknown,
  p: Unknown,
  x: Unknown,
): Unknown = {
  if (! (exists x)) {
    let x = undefined
  } else nop
  call value = clo<"converted_to_a_javascript_value">(x)
  call _ = clo<"Call">(p.Resolve, undefined, (list [value]))
  if (= T undefined) {
    (yet "the |x| argument is optional, allowing a simpler \"[=resolve=] p\" usage")
  } else nop
  return ~unused~
}
def reject(
  T: Unknown,
  p: Unknown,
  r: Unknown,
): Unknown = {
  call _ = clo<"Call">(p.Reject, undefined, (list [r]))
  return ~unused~
}
def react(
  T: Unknown,
  promise: Unknown,
  onFullfilledStepsArg: Unknown,
  onRejectedStepsArg: Unknown,
  realm: Unknown,
): Unknown = {
  let onFulfilledSteps = clo<"react_closure1", [T, onFullfilledStepsArg]>
  call onFulfilled = clo<"CreateBuiltinFunction">(onFulfilledSteps, 1, "", (list []))
  let onRejectedSteps = clo<"react_closure2", [onRejectedStepsArg]>
  call onRejected = clo<"CreateBuiltinFunction">(onRejectedSteps, 1, "", (list []))
  let constructor = realm.Intrinsics["%Promise%"]
  call _comp59 = clo<"NewPromiseCapability">(constructor)
  if (exists _comp59.Type) {
    if (? _comp59: Abrupt) {
      return _comp59
    } else {
      let newCapability = _comp59.Value
    }
  } else {
    let newCapability = _comp59
  }
  call _ = clo<"PerformPromiseThen">(promise.Promise, onFulfilled, onRejected, newCapability)
  return newCapability
}
def get_a_copy_of_the_buffer_source(
  bufferSource: Unknown,
): Unknown = {
  call jsBufferSource = clo<"converted_to_a_javascript_value">(bufferSource)
  let jsArrayBuffer = jsBufferSource
  let offset = 0
  let length = 0
  if (exists jsBufferSource.ViewedArrayBuffer) {
    jsArrayBuffer = jsBufferSource.ViewedArrayBuffer
    offset = jsBufferSource.ByteOffset
    length = jsBufferSource.ByteLength
  } else {
    assert (|| (= jsBufferSource (yet "an {{ArrayBuffer}}")) (yet "{{SharedArrayBuffer}} object"))
    length = jsBufferSource.ArrayBufferByteLength
  }
  call _call37 = clo<"IsDetachedBuffer">(jsArrayBuffer)
  if (= _call37 true) {
    return (yet "the empty [=byte sequence=]")
  } else nop
  let bytes = (list [])
  let _byteIdx1 = 0
  while (< _byteIdx1 length) {
    push bytes < 0.0f
    _byteIdx1 = (+ _byteIdx1 1)
  }
  let i = offset
  while (! (< (- (+ offset length) 1) i)) {
    call _call38 = clo<"GetValueFromBuffer">(jsArrayBuffer, i, ~uint8~, true, ~unordered~)
    bytes[(- i offset)] = _call38
    i = (+ i 1)
  }
  return bytes
}
def asynchronously_compile_a_webassembly_module_closure1(
): Unknown = {
  if (= module ~error~) {
    call _ = clo<"reject">(~Module~, promise, (record [CompileError]))
    return ~unused~
  } else nop
  if (exists options.builtins) {
    let builtinSetNames = options.builtin
  } else {
    let builtinSetNames = (list [])
  }
  if (exists options.importedStringConstants) {
    let importedStringModule = options.builtin
  } else {
    let importedStringModule = null
  }
  call _call6 = clo<"validate_builtins_and_imported_string_for_a_webassembly_module">(module, builtinSetNames, importedStringModule)
  if (= _call6 false) {
    call _ = clo<"reject">(~Module~, promise, (record [CompileError]))
  } else {
    call moduleObject = clo<"construct_a_webassembly_module_object">(module, bytes, builtinSetNames, importedStringModule)
    call _ = clo<"resolve">(~Module~, promise, moduleObject)
  }
  return ~unused~
}
def asynchronously_instantiate_a_webassembly_module_closure1(
): Unknown = {
  call _throwComp3 = clo<"instantiate_the_core_of_a_webassembly_module">(module, imports)
  if (exists _throwComp3.Type) {
    if (= _throwComp3.Type ~throw~) {
      let exception = _throwComp3.Value
      call _ = clo<"reject">(~Instance~, promise, exception)
      (yet "terminate these substeps")
    } else {
      let instance = _throwComp3.Value
    }
  } else {
    let instance = _throwComp3
  }
  let instanceObject = (record [Instance])
  call _throwComp4 = clo<"initialize_an_instance_object">(instanceObject, module, instance)
  if (exists _throwComp4.Type) {
    if (= _throwComp4.Type ~throw~) {
      let exception = _throwComp4.Value
      call _ = clo<"reject">(~Instance~, promise, exception)
      (yet "terminate these substeps")
    } else nop
  } else nop
  call _ = clo<"resolve">(~Instance~, promise, instanceObject)
  return ~unused~
}
def instantiate_a_promise_of_a_module_closure2(
  instance: Unknown,
): Unknown = {
  let result = (map [Unknown, Unknown] {
    "{{WebAssemblyInstantiatedSource/module}}" -> module,
    "{{WebAssemblyInstantiatedSource/instance}}" -> instance,
  })
  call _ = clo<"resolve">(~WebAssemblyInstantiatedSource~, promise, result)
  return ~unused~
}
def instantiate_a_promise_of_a_module_closure3(
  reason: Unknown,
): Unknown = {
  call _ = clo<"reject">(~WebAssemblyInstantiatedSource~, promise, reason)
  return ~unused~
}
def instantiate_a_promise_of_a_module_closure1(
  module: Unknown,
): Unknown = {
  call innerPromise = clo<"asynchronously_instantiate_a_webassembly_module">(module, importObject)
  let innerOnFullfilledSteps = clo<"instantiate_a_promise_of_a_module_closure2", [module, promise]>
  let innerOnRejectedSteps = clo<"instantiate_a_promise_of_a_module_closure3", [promise]>
  call _ = clo<"react">(~WebAssemblyInstantiatedSource~, innerPromise, innerOnFullfilledSteps, innerOnRejectedSteps, @EXECUTION_STACK[0].Realm)
  return ~unused~
}
def instantiate_a_promise_of_a_module_closure4(
  reason: Unknown,
): Unknown = {
  call _ = clo<"reject">(~WebAssemblyInstantiatedSource~, promise, reason)
  return ~unused~
}
def create_a_host_function_closure1(
  arguments: Unknown,
): Unknown = {
  let realm = func.Realm
  let relevant settings = ~realm/settings object~
  call result = clo<"run_a_host_function">(func, functype, arguments)
  assert (|| (= result.Type ~throw~) (= result.Type ~normal~))
  let store = @AGENT_RECORD["associated store"]
  if (= result.Type ~throw~) {
    let v = result.Value
    if (yet "implements Exception") {
      let address = v.Address
    } else {
      call type = clo<"get_the_javascript_exception_tag">()
      call _comp30 = clo<"towebassemblyvalue">(v, ~externref~)
      if (exists _comp30.Type) {
        assert (= _comp30.Type ~normal~)
        let payload = _comp30.Value
      } else {
        let payload = _comp30
      }
      call-embed _tuple17 = <exn_alloc>(store, type, (list [payload]))
      let store = (proj _tuple17 0)
      let address = (proj _tuple17 1)
      @AGENT_RECORD["associated store"] = store
    }
    (yet "Execute the WebAssembly instructions ([=ref.exn=] |address|) ([=throw_ref=])")
  } else {
    return result.Value
  }
  return ~unused~
}
def react_closure1(
  thisArgument: Unknown,
  argumentsList: Unknown,
  newTarget: Unknown,
): Unknown = {
  if (< 0 (sizeof argumentsList)) {
    let V = argumentsList[0]
  } else {
    let V = undefined
  }
  call value = clo<"converted_to_an_idl_value">(V, T)
  if (&& (! (= onFullfilledStepsArg undefined)) (! (= T undefined))) {
    call result = onFullfilledStepsArg(value)
  } else {
    let result = value
  }
  call _ret157 = clo<"converted_to_a_javascript_value">(result)
  return _ret157
}
def react_closure2(
  thisArgument: Unknown,
  argumentsList: Unknown,
  newTarget: Unknown,
): Unknown = {
  if (< 0 (sizeof argumentsList)) {
    let R = argumentsList[0]
  } else {
    let R = undefined
  }
  call reason = clo<"converted_to_an_idl_value">(R, ~any~)
  if (! (= onRejectedStepsArg undefined)) {
    call result = onRejectedStepsArg(reason)
  } else {
    call result = clo<"a_promise_rejected_with">(reason)
  }
  call _ret158 = clo<"converted_to_a_javascript_value">(result)
  return _ret158
}
